mads 1.9.7
     1 				;######################################################################################################################################
     2 				;
     3 				;
     4 				;	   ##	 ##   #	  ####	  ###		 #     # #####	 #     # ######
     5 				;	  #  #	 # #  #	 #    #	   #		 #     #  #   #	  #   #	  #   #
     6 				;	 #    #	 #  # #	 #	   #		 #     #  #   #	   # #	  # #
     7 				;	 #    #	 #   ##	  ####	   #	 ######	 #     #  ####	    #	  ###
     8 				;	 ######	 #    #	      #	   #		  #   #	  #   #	   # #	  # #
     9 				;	 #    #	 #    #	 #    #	   #		   # #	  #   #	  #   #	  #   #
    10 				;	 #    #	 #    #	  ####	  ###		    #	 #####	 #     # ######
    11 				;
    12 				;	 ####### ######	 #####	 ##   ##  ###	 ##   #	   ##	 ###
    13 				;	 #  #  #  #   #	  #   #	 # # # #   #	 # #  #	  #  #	  #
    14 				;	    #	  # #	  #   #	 #  #  #   #	 #  # #	 #    #	  #
    15 				;	    #	  ###	  ####	 #     #   #	 #   ##	 #    #	  #
    16 				;	    #	  # #	  # #	 #     #   #	 #    #	 ######	  #
    17 				;	    #	  #   #	  #  #	 #     #   #	 #    #	 #    #	  #   #
    18 				;	   ###	 ######	 ###  #	 #     #  ###	 #    #	 #    #	 ######
    19 				;
    20 				;	Written by: Joseph Zatarski
    21 				;
    22 				;	terminal emulator that supports ANSI/ECMA-48 control sequences and a 256 character font
    23 				;######################################################################################################################################
    24 				;
    25 				; TODO:	add recieve buffer so that I don't call CIOV to do one character at a time. (done)
    26 				;	label scroll contains some unnecesary math (refer to comments near it) (done)
    27 				;	add stuff beyond just the C0 (ASCII) and C1 control character/sequence sets (this means finally starting on the cool stuff)
    28 				;		SGR - set grahpics rendition (color, high intensity, etc.) - done unless I want to improve support for 'default colors'
    29 				;		add J code - ED - erase in page
    30 				;		add A code
    31 				;		add C code
    32 				;		add D code
    33 				;		
    34 						icl	'atarios.equ'		; atari OS equates,
     1 				;###################################################################################################################
     2 				;
     3 				;
     4 				;	   ##	 #######   ##	 #####	  ###		 ######	  ####	 #    #	   ##	 ####### ######	  ####
     5 				;	  #  #	 #  #  #  #  #	  #   #	   #		  #   #	 #    #	 #    #	  #  #	 #  #  #  #   #	 #    #
     6 				;	 #    #	    #	 #    #   #   #	   #		  # #	 #    #	 #    #	 #    #	    #	  # #	 #
     7 				;	 #    #	    #	 #    #	  ####	   #		  ###	 #    #	 #    #	 #    #	    #	  ###	  ####
     8 				;	 ######	    #	 ######   # #	   #		  # #	 #  # #	 #    #	 ######	    #	  # #	      #
     9 				;	 #    #	    #	 #    #	  #  #	   #		  #   #	  ####	 #    #	 #    #	    #	  #   #	 #    #
    10 				;	 #    #	   ###	 #    #	 ###  #	  ###		 ######	      ##  ####	 #    #	   ###	 ######	  ####
    11 				;
    12 				;	OS Equates
    13 				;###################################################################################################################
    14 				; IOCB equates
    15 = 0342			ICCOM		equ	$342			; command
    16 = 0343			ICSTA		equ	$343			; status
    17 = 0344			ICBA		equ	$344			; 2 bytes, buffer address for data or filename
    18 = 0348			ICBL		equ	$348			; 2 bytes, buffer length
    19 = 034A			ICAX1		equ	$34A			; Auxiliary byte 1
    20 = 034B			ICAX2		equ	$34B			; Auxiliary byte 2
    21
    22 = 02EA			DVSTAT0		equ	$2EA			; holds that status bytes after a status command
    23 = 02EB			DVSTAT1		equ	$2EB
    24 = 02EC			DVSTAT2		equ	$2EC
    25 = 02ED			DVSTAT3		equ	$2ED
    26 				; OS vectors and addresses
    27 = E456			CIOV		equ	$E456			; address for CIO
    28 = 000A			DOSVEC		equ	$A			; vector for DOS
    29 = 0208			VKEYBD		equ	$208			; vector for KB interupt
    30 				; OS variables and shadow registers
    31 = 022F			SDMCTL		equ	$22F			; DMA Control
    32 = 0012			RTCLOK		equ	$12			; jiffy counter
    33 = 02F2			CH1		equ	$2F2			; used for KB IRQ
    34 = 02F1			KEYDEL		equ	$2F1			; key delay counter for debouncing
    35 = 004D			ATRACT		equ	$4D			; attract mode timer/flag
    36 = 022B			SRTIMR		equ	$22B			; key repeat delay counter. decremented once every jiffy.
    35 						icl	'atarihardware.equ'	; general atari hardware equates,
     1 				;###################################################################################################################
     2 				;
     3 				;
     4 				;	   ##	 #######   ##	 #####	  ###		 ######	  ####	 #    #	   ##	 ####### ######	  ####
     5 				;	  #  #	 #  #  #  #  #	  #   #	   #		  #   #	 #    #	 #    #	  #  #	 #  #  #  #   #	 #    #
     6 				;	 #    #	    #	 #    #   #   #	   #		  # #	 #    #	 #    #	 #    #	    #	  # #	 #
     7 				;	 #    #	    #	 #    #	  ####	   #		  ###	 #    #	 #    #	 #    #	    #	  ###	  ####
     8 				;	 ######	    #	 ######   # #	   #		  # #	 #  # #	 #    #	 ######	    #	  # #	      #
     9 				;	 #    #	    #	 #    #	  #  #	   #		  #   #	  ####	 #    #	 #    #	    #	  #   #	 #    #
    10 				;	 #    #	   ###	 #    #	 ###  #	  ###		 ######	      ##  ####	 #    #	   ###	 ######	  ####
    11 				;
    12 				;	Hardware Equates
    13 				;###################################################################################################################
    14 				; ANTIC equates
    15 = D40B			VCOUNT		equ	$D40B			; line count / 2
    16 				; GTIA equates
    17 = D01F			CONSOL		equ	$D01F			; console key register
    18 				; POKEY equates
    19 = D209			KBCODE		equ	$D209			; keyboard code register
    36 						icl	'VBXE.equ'		; and VBXE equates
     1 				;###################################################################################################################
     2 				;
     3 				;
     4 				;	   ##	 #######   ##	 #####	  ###		 ######	  ####	 #    #	   ##	 ####### ######	  ####
     5 				;	  #  #	 #  #  #  #  #	  #   #	   #		  #   #	 #    #	 #    #	  #  #	 #  #  #  #   #	 #    #
     6 				;	 #    #	    #	 #    #   #   #	   #		  # #	 #    #	 #    #	 #    #	    #	  # #	 #
     7 				;	 #    #	    #	 #    #	  ####	   #		  ###	 #    #	 #    #	 #    #	    #	  ###	  ####
     8 				;	 ######	    #	 ######   # #	   #		  # #	 #  # #	 #    #	 ######	    #	  # #	      #
     9 				;	 #    #	    #	 #    #	  #  #	   #		  #   #	  ####	 #    #	 #    #	    #	  #   #	 #    #
    10 				;	 #    #	   ###	 #    #	 ###  #	  ###		 ######	      ##  ####	 #    #	   ###	 ######	  ####
    11 				;
    12 				;	VBXE Equates
    13 				;###################################################################################################################
    14 				; VBXE equates
    15 = D640			core_version	equ	$D640			; tells us whether FX or GTIA-emu core
    16 = D641			minor_revision	equ	$D641			; tells us minor revision number (like 26 in 1.26)
    17
    18 				; memory window B control register
    19 				; bit 0 - 4 - bank number (banks are all 16K)
    20 				; bit 6 - MBAE - ANTIC access enable
    21 				; bit 7 - MBCE - CPU access enable
    22
    23 = D65D			memac_b_control	equ	$D65D
    24
    25 				; memory window A control register
    26 				; bit 0 and 1 - window size - 00 for 4K, 01 for 8K, 10 for 16K, 11 for 32K
    27 				; bit 2 - MAE - when set, antic can see VBXE RAM
    28 				; bit 3 - MCE - when set, CPU can see VBXE RAM
    29
    30 = D65E			memac_control	equ	$D65E
    31
    32 = D65F			memac_bank_sel	equ	$D65F			; controls bank number of movable window (MEMAC A). bit 7 is an enable bit
    33 = D644			psel		equ	$D644			; selects the pallette number to load into
    34 = D645			csel		equ	$D645			; selects current color number for write
    35 = D646			cr		equ	$D646			; red component value
    36 = D647			cg		equ	$D647			; green component value
    37 = D648			cb		equ	$D648			; blue component value
    38 = D641			xdl_adr		equ	$D641			; xdl address registers (3 consecutive)
    39
    40 				; video control register
    41 				; bit 0 - xdl_enabled - set to enable XDL
    42 				; bit 1 - xcolor - set to enable 16 luminances and separate ANTIC hi-res foreground and background hues
    43 				; bit 2 - no_trans - clear means color 0 is transparent
    44 				; bit 3	- trans15 - allows additional transparent colors. only works when no_trans is 0
    45
    46 = D640			video_control	equ	$D640
    47
    48 = D649			colmask		equ	$D649			; AND mask for collisions with GTIA/ANTIC and VBXE stuff
    49 = D64A			colclr		equ	$D64A			; clears coldetect (any value written here)
    50 = D64A			coldetect	equ	$D64A			; collisions detected.
    51 = D650			blt_adr		equ	$D650			; blitter list address (3 bytes, consecutive)
    52 = D650			blt_collision	equ	$D650			; collision codes that blitter has set
    53 = D653			blt_start	equ	$D653			; bit 0 set to start blitter
    54 = D653			blt_busy	equ	$D653			; bit 1 for busy, bit 0 for BCB load. register will read 0 when blitter is stopped.
    55 = D654			irq_control	equ	$D654			; set bit 0 to enable blitter IRQ
    56 = D654			irq_status	equ	$D654			; bit 0 set means blitter threw an IRQ
    57 = D655			P0		equ	$D655			; priority select registers when attribute map is enabled.
    58 = D656			P1		equ	$D656
    59 = D657			P2		equ	$D657
    60 = D658			P3		equ	$D658
    61
    62
    63 				.STRUCT	BCB
    64 = 0000			src_adr		.long
    65 = 0003			src_step_y	.word
    66 = 0005			src_step_x	.byte
    67 = 0006			dest_adr	.long
    68 = 0009			dest_step_y	.word
    69 = 000B			dest_step_x	.byte
    70 = 000C			blt_width	.word
    71 = 000E			blt_height	.byte
    72 = 000F			blt_and_mask	.byte
    73 = 0010			blt_xor_mask	.byte
    74 = 0011			blt_coll_mask	.byte
    75 = 0012			blt_zoom	.byte
    76 = 0013			pattern_feature	.byte
    77 = 0014			blt_control	.byte
    78 				.ENDS
    37
    38 				; VBXE equates
    39 = A000			vbxe_mem_base	equ	$A000			; If I put it here, it should be OK and it won't conflict with the extended RAM.
    40
    41 = A100			vbxe_screen_top	equ	vbxe_mem_base + 256	; points to where the first character of the screen would be
    42
    43 = 2F8F			recv_buffer	equ	end			; first free space after the program.
    44
    45 = 308F			send_buffer	equ	recv_buffer + 256	; first free space after the receive buffer. This will be 256 characters for the send
    46 										; buffer. This is probably a overkill, but 256 makes it an easy number. This buffer
    47 										; will be implemented like a FIFO. There will be one pointer to the next character to
    48 										; be sent, and one for the next character to be added.
    49
    50 = 318F			ctrl_seq_buf	equ	send_buffer + 256	; a buffer for the control sequence. I'll have to mess around with various sizes for
    51 										; this. 256 bytes seems way overkill, so I probably only need 16 or so. For now, it's
    52 										; 256 though.
    53
    54 				; Display Handler Equates (among others)
    55
    56 = 0080			cursor_address	equ	$80			; points to the address where the text cursor points
    57 = 0082			text_color	equ	$82			; current text color to be put on the screen.
    58 = 0083			row		equ	$83			; cursor row
    59 = 0084			column		equ	$84			; cursor column
    60
    61 = 0085			src_ptr		equ	$85			; temporary source pointer on the zero page for memory moves
    62 = 0087			dst_ptr		equ	$87			; same as above, but for destination
    63 = 0089			counter		equ	$89			; byte counter for above
    64
    65 = 008B			ctrl_seq_flg	equ	$8B			; bit 7 indicates escape received, bit 6 indicates CSI received.
    66
    67 = 008C			cursor_flg	equ	$8C			; bit 7 indicates whether or not the cursor is currently visible
    68 										; that is, if it's a 1, then the color of the current character
    69 										; has been inverted to show the cursor.
    70 = 008D			temp_char	equ	$8D			; holds a character temporarily for the recieve processing routines
    71
    72 = 008E			temp_key_char	equ	$8E
    73
    74 = 008F			recvbuflen	equ	$8F			; holds the number of bytes in the receive buffer that are waiting to be processed.
    75
    76 = 0090			sendbufstart	equ	$90			; holds the position of the last character taken from the send FIFO
    77 = 0091			sendbufend	equ	$91			; holds the position of the last character added to the send FIFO
    78 										; if these are equal, the FIFO is empty. if sendbufend is one less than sendbufstart
    79 										; then the buffer is full. This always leaves a pad of one character which won't be
    80 										; used between the start and end, but otherwise you end up with the two pointers being
    81 										; equal as an ambiguous case. it could mean the buffer is full, or it's empty. This
    82 										; means implementing another flag and set of conditionals to indicate and detect this.
    83
    84 = 0092			ctrl_seq_index	equ	$92			; points to the current position in the control sequence buffer.
    85
    86 = 0093			final_byte	equ	$93			; holds the control sequence final byte
    87 = 0094			inter_byte	equ	$94			; holds the control sequence intermediate byte
    88 = 0095			parameter_val	equ	$95			; holds a single parameter value
    89
    90 						ORG	$2800			; start of init routine
    91 				; apparently this is safe for most DOSes
    92
    93 				; check core version. needs to be fx core.
    94 FFFF> 2800-2959> AD 40 + start		lda	core_version
    95 2803 C9 10				cmp	#$10			; $10 means fx core in core_version
    96 2805 F0 0D				beq	core_fx
    97
    98 				; print an error message in case of missing or non fx core VBXE
    99 				; just set the ICBA and call another routine since printing to E: will be used twice.
   100 2807 A9 92				lda	#<no_vbxe_msg
   101 2809 8D 44 03				sta	ICBA
   102 280C A9 28				lda	#>no_vbxe_msg
   103 280E 8D 45 03				sta	ICBA + 1
   104 2811 4C 66 28				jmp	print_error
   105
   106 				; check minor revision number.
   107 2814 AD 41 D6		core_fx		lda	minor_revision		; jump here if FX core detected
   108 2817 29 70				and 	#$70			; masks the ram upgrade bit and the bugfix bits out (1.2xa/r)
   109 2819 C9 20				cmp	#$20			; make sure it is 2x since this is written for it
   110 281B F0 0D				beq	good_core
   111
   112 				; print an error message in case of incompatible VBXE core
   113 				; just set the ICBA and call another routine since printing to E: is used twice.
   114 281D A9 C4				lda	#<wrong_core
   115 281F 8D 44 03				sta	ICBA
   116 2822 A9 28				lda	#>wrong_core
   117 2824 8D 45 03				sta	ICBA+1
   118 2827 4C 66 28				jmp	print_error
   119 				; core was good, so set 
   120 				; shut off ANTIC DMA except instruction fetch
   121 282A A9 20		good_core	lda	#$20			; jump here if minor revision was good too
   122 282C 8D 2F 02				sta	SDMCTL
   123
   124 				; begin actually setting up the VBXE
   125 282F A9 00				lda	#$00
   126 2831 8D 5D D6				sta 	memac_b_control		; disable memac b window
   127
   128 				; vbxe_mem_base is the high address of what we want to use for our VBXE memory window
   129 				; the first 4 bits of memac_control are the high nibble of the base address of the window
   130 				; we OR vbxe_mem_base with $8 because that enables CPU access, disables ANTIC access,
   131 				; and makes window size 4K
   132
   133 2834 A9 A8				lda	#>vbxe_mem_base|$8
   134 2836 8D 5E D6				sta	memac_control
   135
   136 				; we are going to put a blitter list which clears the VBXE RAM into the first page of memory
   137 				; so we set the bank
   138
   139 2839 A9 80				lda	#$80
   140 283B 8D 5F D6				sta	memac_bank_sel
   141
   142
   143
   144 283E			.local		; copy the screen clearing blitter
   145 283E A2 00				ldx	#00
   146 2840 BD 06 29		loop		lda	clear_ram_bcb,x
   147 2843 9D 00 A0				sta	vbxe_mem_base,x
   148 2846 E8					inx
   149 2847 E0 54				cpx	#(clear_ram_end - clear_ram_bcb)
   150 2849 D0 F5				bne	loop
   151 				.endl
   152
   153 				; start the BCB
   154
   155 284B A9 00				lda	#0
   156 284D 8D 50 D6				sta	blt_adr
   157 2850 8D 51 D6				sta	blt_adr + 1
   158 2853 8D 52 D6				sta	blt_adr + 2
   159 2856 A9 01				lda	#1
   160 2858 8D 53 D6				sta	blt_start
   161
   162 285B			.local		; wait until the blitter is done
   163 285B AD 53 D6		loop		lda	blt_busy
   164 285E D0 FB				bne	loop
   165 				.endl
   166
   167 				; turn off the MEMAC_A window so that it doesn't conflict with the extended RAM window
   168 				; this was causing issues with SDX
   169 						
   170 2860 A9 00				lda	#0
   171 2862 8D 5F D6				sta	memac_bank_sel
   172
   173 				; return from the init routine.
   174
   175 2865 60					rts
   176 						
   177 2866			print_error	; prints the error message already set in ICBA
   178 2866 A9 FF				lda	#$FF
   179 2868 8D 48 03				sta	ICBL
   180 286B A9 09				lda	#09
   181 286D 8D 42 03				sta	ICCOM
   182 2870 A2 00				ldx	#$00
   183 2872 20 56 E4				jsr	CIOV
   184
   185 				; wait for return press
   186
   187 2875 A9 06				lda	#$06
   188 2877 8D 45 03				sta	ICBA+1
   189 287A A9 00				lda	#$00
   190 287C 8D 44 03				sta	ICBA
   191 287F 8D 48 03				sta	ICBL
   192 2882 8D 49 03				sta	ICBL+1
   193 2885 A9 05				lda	#$05
   194 2887 8D 42 03				sta	ICCOM
   195 288A 20 56 E4				jsr	CIOV
   196
   197 				; go back to DOS
   198
   199 288D 68					pla				; remove return address from stack first.
   200 288E 68					pla
   201 288F 6C 0A 00				jmp	(DOSVEC)
   202
   203
   204 2892			no_vbxe_msg	; message to display for missing VBXE or non-fx core
   205 2892 4E 6F 20 56 42 58 + 		.byte	'No VBXE or non-fx core. Press return to continue.', $9B
   206 						
   207 28C4			wrong_core	; message for incompatible core version
   208 28C4 49 6E 63 6F 6D 70 + 		.byte	'Incompatible VBXE core (requires 1.2x). Press return to continue.', $9B
   209
   210 2906			clear_ram_bcb					; blitter routine to clear the whole VBXE RAM. 
   211 										; we can only work with a 512 byte wide and 256 line high portion, or 128K, so we do that four times.
   212 2906 00 00 00				.long	0			; source doesn't matter, we're using a fill value
   213 2909 00 00				.word	0			; source y step doesn't matter
   214 290B 00					.byte	0			; source x step doesn't matter
   215 290C 54 00 00				.long	clear_ram_end-clear_ram_bcb	; don't overwrite the blitter list
   216 290F 00 02				.word	512			; one line is 512 bytes (no lines really though, we're just doing the whole 512K)
   217 2911 01					.byte	1			; x step 1
   218 2912 FF 01				.word	512-1			; 512 bytes wide
   219 2914 FF					.byte	256-1			; 256 lines
   220 2915 00					.byte	0			; AND mask ignores source
   221 2916 00					.byte	0			; XOR mask fills with 0
   222 2917 00					.byte	0			; don't worry about collisions
   223 2918 00					.byte	0			; no zoom
   224 2919 00					.byte	0			; don't worry about patterns
   225 291A 08					.byte	%00001000		; there's 3 more of these BCB's, so next bit on, and mode 0 (copy mode)
   226 						
   227 291B 00 00 00				.long	0			; source doesn't matter, we're using a fill value
   228 291E 00 00				.word	0			; source y step doesn't matter
   229 2920 00					.byte	0			; source x step doesn't matter
   230 2921 00 00 02				.long	$020000			; destination starts at 128K
   231 2924 00 02				.word	512			; one line is 512 bytes (no lines really though, we're just doing the whole 512K)
   232 2926 01					.byte	1			; x step 1
   233 2927 FF 01				.word	512-1			; 512 bytes wide
   234 2929 FF					.byte	256-1			; 256 lines
   235 292A 00					.byte	0			; AND mask ignores source
   236 292B 00					.byte	0			; XOR mask fills with 0
   237 292C 00					.byte	0			; don't worry about collisions
   238 292D 00					.byte	0			; no zoom
   239 292E 00					.byte	0			; don't worry about patterns
   240 292F 08					.byte	%00001000		; there's 2 more of these BCB's, so next bit on, and mode 0 (copy mode)
   241 						
   242 2930 00 00 00				.long	0			; source doesn't matter, we're using a fill value
   243 2933 00 00				.word	0			; source y step doesn't matter
   244 2935 00					.byte	0			; source x step doesn't matter
   245 2936 00 00 04				.long	$040000			; destination starts at 256K
   246 2939 00 02				.word	512			; one line is 512 bytes (no lines really though, we're just doing the whole 512K)
   247 293B 01					.byte	1			; x step 1
   248 293C FF 01				.word	512-1			; 512 bytes wide
   249 293E FF					.byte	256-1			; 256 lines
   250 293F 00					.byte	0			; AND mask ignores source
   251 2940 00					.byte	0			; XOR mask fills with 0
   252 2941 00					.byte	0			; don't worry about collisions
   253 2942 00					.byte	0			; no zoom
   254 2943 00					.byte	0			; don't worry about patterns
   255 2944 08					.byte	%00001000		; there's 1 more of these BCB's, so next bit on, and mode 0 (copy mode)
   256 						
   257 2945 00 00 00				.long	0			; source doesn't matter, we're using a fill value
   258 2948 00 00				.word	0			; source y step doesn't matter
   259 294A 00					.byte	0			; source x step doesn't matter
   260 294B 00 00 06				.long	$060000			; destination starts at 384K
   261 294E 00 02				.word	512			; one line is 512 bytes (no lines really though, we're just doing the whole 512K)
   262 2950 01					.byte	1			; x step 1
   263 2951 FF 01				.word	512-1			; 512 bytes wide
   264 2953 FF					.byte	256-1			; 256 lines
   265 2954 00					.byte	0			; AND mask ignores source
   266 2955 00					.byte	0			; XOR mask fills with 0
   267 2956 00					.byte	0			; don't worry about collisions
   268 2957 00					.byte	0			; no zoom
   269 2958 00					.byte	0			; don't worry about patterns
   270 2959 00					.byte	%00000000		; there's no more of these BCB's, so next bit off, and mode 0 (copy mode)
   271 295A			clear_ram_end
   272
   273 295A					org	$02E2			; init address
   274
   275 02E2-02E3> 00 28				.word	$2800
   276
   277 02E4					org	$2800			; next segment also begins at $2000
   278 						
   279 				;###################################################################################################################		
   280 				; start of loading files.
   281 				; make sure IOCB 1 is closed
   282
   283 2800-2F8E> A2 10				ldx	#$10
   284 2802 A9 0C				lda	#$0C
   285 2804 8D 52 03				sta	ICCOM+$10
   286 2807 20 56 E4				jsr	CIOV
   287
   288 				; open the font file in IOCB 1
   289
   290 280A A2 10				ldx	#$10
   291 280C A9 03				lda	#$03
   292 280E 8D 52 03				sta	ICCOM+$10
   293 2811 A9 53				lda	<font_path
   294 2813 8D 54 03				sta	ICBA+$10
   295 2816 A9 2D				lda	>font_path
   296 2818 8D 55 03				sta	ICBA+$11
   297 281B A9 04				lda	#$04
   298 281D 8D 5A 03				sta	ICAX1+$10
   299 2820 A9 00				lda	#$00
   300 2822 8D 5B 03				sta	ICAX2+$10
   301 2825 20 56 E4				jsr	CIOV
   302 					
   303 				; set bank to beginning of VBXE memory with bit 7 set to enable the window
   304 				; this is where we will load the font
   305
   306 2828 A9 80				lda	#$80
   307 282A 8D 5F D6				sta	memac_bank_sel
   308
   309 				; load the entire (2K) font into the VBXE memory window
   310
   311 282D A2 10				ldx	#$10			; IOCB 1
   312 282F A9 07				lda	#$07			; read binary record
   313 2831 8D 52 03				sta	ICCOM+$10
   314 2834 A9 00				lda	#$00			; buffer address is vbxe_mem_base
   315 2836 8D 54 03				sta	ICBA+$10
   316 2839 A9 A0				lda	#>vbxe_mem_base
   317 283B 8D 55 03				sta	ICBA+$11
   318 283E A9 00				lda	#$00			; buffer length is 2K
   319 2840 8D 58 03				sta	ICBL+$10
   320 2843 A9 08				lda	#$08
   321 2845 8D 59 03				sta	ICBL+$11
   322 2848 20 56 E4				jsr	CIOV
   323
   324 				; close the font file (we only need to load it once)
   325
   326 284B A2 10				ldx	#$10
   327 284D A9 0C				lda	#$0C
   328 284F 8D 52 03				sta	ICCOM+$10
   329 2852 20 56 E4				jsr	CIOV
   330
   331 				; open the pallette file
   332
   333 2855 A2 10				ldx	#$10
   334 2857 A9 03				lda	#$03
   335 2859 8D 52 03				sta	ICCOM+$10
   336 285C A9 5F				lda	<pallette_path
   337 285E 8D 54 03				sta	ICBA+$10
   338 2861 A9 2D				lda	>pallette_path
   339 2863 8D 55 03				sta	ICBA+$11
   340 2866 A9 04				lda	#$04
   341 2868 8D 5A 03				sta	ICAX1+$10
   342 286B A9 00				lda	#$00
   343 286D 8D 5B 03				sta	ICAX2+$10
   344 2870 20 56 E4				jsr	CIOV
   345
   346 				; read the pallette to a temporary location inside VBXE memory (which we know is free for now)
   347
   348 2873 A2 10				ldx	#$10			; IOCB 1
   349 2875 A9 07				lda	#$07			; read binary record
   350 2877 8D 52 03				sta	ICCOM+$10
   351 287A A9 00				lda	#$00			; buffer address is vbxe_mem_base + $0800
   352 287C 8D 54 03				sta	ICBA+$10
   353 287F A9 A8				lda	#>vbxe_mem_base + $08
   354 2881 8D 55 03				sta	ICBA+$11
   355 2884 A9 30				lda	#$30			; buffer length is 48 bytes ($30)
   356 2886 8D 58 03				sta	ICBL+$10
   357 2889 A9 00				lda	#$00
   358 288B 8D 59 03				sta	ICBL+$11
   359 288E 20 56 E4				jsr	CIOV
   360
   361 				; close the pallette, we have it in RAM now
   362
   363 2891 A2 10				ldx	#$10
   364 2893 A9 0C				lda	#$0C
   365 2895 8D 52 03				sta	ICCOM+$10
   366 2898 20 56 E4				jsr	CIOV
   367
   368 				; initialize csel and psel to start loading colors into the pallette
   369
   370 289B A9 00				lda	#$00
   371 289D 8D 44 D6				sta	psel
   372 28A0 8D 45 D6				sta	csel
   373
   374 28A3			.local		; load the foreground colors into the VBXE
   375 				; we use a nested loop here due to the design of the text mode colors
   376 				; we need to load the 16 foreground colors into the first 128 colors in order, and do that 8 times
   377 				; this order will be like:
   378 				; col 1, col 2, col 3, ..., col F, col 1, col 2 etc.
   379
   380 28A3 A0 00				ldy	#$00			; initialize the outer loop counter
   381 28A5 A2 00		fore_outer_loop	ldx	#$00			; initialize the inner loop counter
   382 28A7 BD 00 A8		fore_inner_loop	lda	vbxe_mem_base + $0800,x	; load the color values. use index x because of the order we need to load colors in
   383 28AA 8D 46 D6				sta	cr
   384 28AD BD 01 A8				lda	vbxe_mem_base + $0801,x
   385 28B0 8D 47 D6				sta	cg
   386 28B3 BD 02 A8				lda	vbxe_mem_base + $0802,x
   387 28B6 8D 48 D6				sta	cb
   388 28B9 E8					inx				; increment 3 times because each color is 3 bytes
   389 28BA E8					inx
   390 28BB E8					inx
   391 28BC E0 30				cpx	#$30			; once x is equal to $30, we have loaded all the colors
   392 28BE D0 E7				bne	fore_inner_loop
   393 					
   394 28C0 C8					iny				; increment the outer loop counter
   395 28C1 C0 08				cpy	#$08			; so we can do it for 8 times total
   396 28C3 D0 E0				bne	fore_outer_loop
   397 				.endl
   398
   399
   400 28C5			.local		; load the background colors into the VBXE
   401 				; we use a nested loop here, but differently again due to the design of text mode colors
   402 				; we need to load the 8 background colors 16 times in a row each
   403 				; that is, load color 0 16 times, then load color 1 16 times, etc.
   404
   405 28C5 A0 00				ldy	#$00			; initialize the outer loop counter
   406 28C7 A2 00		back_outer_loop	ldx	#$00			; initialize the inner loop counter
   407 28C9 B9 00 A8		back_inner_loop	lda	vbxe_mem_base + $0800,y	; load the color values. use index y because we load each color repeatedly
   408 28CC 8D 46 D6				sta	cr
   409 28CF B9 01 A8				lda	vbxe_mem_base + $0801,y
   410 28D2 8D 47 D6				sta	cg
   411 28D5 B9 02 A8				lda	vbxe_mem_base + $0802,y
   412 28D8 8D 48 D6				sta	cb
   413 28DB E8					inx				; increment the inner loop
   414 28DC E0 10				cpx	#$10			; stop after the color has been loaded 16 times
   415 28DE D0 E9				bne	back_inner_loop
   416 28E0 C8					iny				; increment 3 times because each color is 3 bytes
   417 28E1 C8					iny
   418 28E2 C8					iny
   419 28E3 C0 18				cpy	#$18			; when we get to $18, we have loaded all the background colors
   420 28E5 D0 E0				bne	back_outer_loop
   421 				.endl
   422 				; load the xdl and blitter lists
   423
   424 28E7 A9 6E				lda	#<xdl			; setup source pointer
   425 28E9 85 85				sta	src_ptr
   426 28EB A9 2D				lda	#>xdl
   427 28ED 85 86				sta	src_ptr+1
   428 						
   429 28EF A9 00				lda	#<(vbxe_mem_base+$0800)	; destination pointer
   430 28F1 85 87				sta	dst_ptr
   431 28F3 A9 A8				lda	#>(vbxe_mem_base+$0800)
   432 28F5 85 88				sta	dst_ptr+1
   433 						
   434 28F7 A9 8B				lda	#<(bcb_end - xdl - 1)	; and byte count - 1
   435 28F9 85 89				sta	counter
   436 28FB A9 00				lda	#>(bcb_end - xdl)
   437 28FD 85 8A				sta	counter+1
   438 						
   439 28FF 20 5E 2C				jsr	mem_move
   440 						
   441 				; load the xdl address
   442
   443 2902 A9 00				lda	#$00
   444 2904 8D 41 D6				sta	xdl_adr
   445 2907 8D 43 D6				sta	xdl_adr + 2
   446 290A A9 08				lda	#$08
   447 290C 8D 42 D6				sta	xdl_adr + 1
   448
   449 				; enable xdl and disable transparent colors
   450
   451 290F A9 05				lda	#$05
   452 2911 8D 40 D6				sta	video_control
   453
   454 				; set the memac window to the display ram (the top of VBXE memory)
   455
   456 2914 A9 FF				lda	#$FF
   457 2916 8D 5F D6				sta	memac_bank_sel
   458
   459 				; done initializing the VBXE
   460 				;###################################################################################################################
   461 				; now we start initializing the variables for the terminal state
   462 				; initialize the cursor address to be at the home position
   463
   464 2919 A9 00				lda	#<vbxe_screen_top
   465 291B 85 80				sta	cursor_address
   466 291D A9 A1				lda	#>vbxe_screen_top
   467 291F 85 81				sta	cursor_address + 1
   468
   469 				; initialize the text color
   470
   471 2921 A9 87				lda	#$87			; $87 is white on black
   472 2923 85 82				sta	text_color
   473
   474 				; initialize the cursor position
   475 2925 A9 00				lda	#$00
   476 2927 85 83				sta	row
   477 2929 85 84				sta	column
   478 						
   479 				; the flags for escape and CSI
   480 292B 85 8B				sta	ctrl_seq_flg
   481
   482 				; the flag for the cursor
   483 292D 85 8C				sta	cursor_flg		; cursor is not on yet.
   484
   485 				; indexes for send buffer
   486 292F 85 90				sta	sendbufstart
   487 2931 85 91				sta	sendbufend
   488
   489 				; turn the cursor on
   490 				; normally, the screen windows starts in a state of all 0.
   491 				; that is fine for the characters
   492 				; but for the colors, this means the overlay bit is not set
   493 				; so all the colors are transparent and the cursor doesn't show up right
   494 				; so we clear the page first, which fills the page with null and the default color
   495 2933 20 AC 2C				jsr	scroll_page
   496 2936 20 D8 2C				jsr	cursor_on
   497 						
   498 				/*###################################################################################################################
   499 				 demo it by writing a file to the screen (for now at least)
   500 				 open the test file
   501
   502 						ldx	#$10
   503 						lda	#$03
   504 						sta	ICCOM+$10
   505 						lda	<test_file
   506 						sta	ICBA+$10
   507 						lda	>test_file
   508 						sta	ICBA+$11
   509 						lda	#$04
   510 						sta	ICAX1+$10
   511 						lda	#$00
   512 						sta	ICAX2+$10
   513 						jsr	CIOV
   514
   515 						lda	RTCLOK
   516 						sta	starttime
   517 						lda	RTCLOK + 1
   518 						sta	starttime + 1
   519 						lda	RTCLOK + 2
   520 						sta	starttime + 2
   521 				*/
   521
   522
   523 				; open the R: device
   524 2939 A2 10				ldx	#$10
   525 293B A9 03				lda	#$03
   526 293D 8D 52 03				sta	ICCOM+$10
   527 2940 A9 6A				lda	<r_path
   528 2942 8D 54 03				sta	ICBA+$10
   529 2945 A9 2D				lda	>r_path
   530 2947 8D 55 03				sta	ICBA+$11
   531 294A A9 0D				lda	#$0D
   532 294C 8D 5A 03				sta	ICAX1+$10
   533 294F A9 00				lda	#0
   534 2951 8D 5B 03				sta	ICAX2+$10
   535 2954 20 56 E4				jsr	CIOV
   536 						
   537 				; configure it
   538 				; for now, 9600 baud, 8 data bits, no status line checking,
   539
   540 2957 A2 10				ldx	#$10
   541 2959 A9 24				lda	#36
   542 295B 8D 52 03				sta	ICCOM+$10
   543 295E A9 6A				lda	<r_path
   544 2960 8D 54 03				sta	ICBA+$10
   545 2963 A9 2D				lda	>r_path
   546 2965 8D 55 03				sta	ICBA+$11
   547 2968 A9 0E				lda	#14
   548 296A 8D 5A 03				sta	ICAX1+$10
   549 296D A9 00				lda	#0
   550 296F 8D 5B 03				sta	ICAX2+$10
   551 2972 20 56 E4				jsr	CIOV
   552 						
   553 				; no translation, ignore and do not change parity bit (input or output), and do not append LF to CR
   554 				 
   555 2975 A2 10				ldx	#$10
   556 2977 A9 26				lda	#38
   557 2979 8D 52 03				sta	ICCOM+$10
   558 297C A9 6A				lda	<r_path
   559 297E 8D 54 03				sta	ICBA+$10
   560 2981 A9 2D				lda	>r_path
   561 2983 8D 55 03				sta	ICBA+$11
   562 2986 A9 20				lda	#32
   563 2988 8D 5A 03				sta	ICAX1+$10
   564 298B A9 00				lda	#0
   565 298D 8D 5B 03				sta	ICAX2+$10
   566 2990 20 56 E4				jsr	CIOV
   567 						
   568 				; turn on DTR and RTS, and don't change xmt state
   569
   570 2993 A2 10				ldx	#$10
   571 2995 A9 22				lda	#34
   572 2997 8D 52 03				sta	ICCOM+$10
   573 299A A9 6A				lda	<r_path
   574 299C 8D 54 03				sta	ICBA+$10
   575 299F A9 2D				lda	>r_path
   576 29A1 8D 55 03				sta	ICBA+$11
   577 29A4 A9 F0				lda	#192+48
   578 29A6 8D 5A 03				sta	ICAX1+$10
   579 29A9 A9 00				lda	#0
   580 29AB 8D 5B 03				sta	ICAX2+$10
   581 29AE 20 56 E4				jsr	CIOV
   582 						
   583 				; start concurrent I/O
   584
   585 29B1 A2 10				ldx	#$10
   586 29B3 A9 28				lda	#40
   587 29B5 8D 52 03				sta	ICCOM+$10
   588 29B8 A9 6A				lda	<r_path
   589 29BA 8D 54 03				sta	ICBA+$10
   590 29BD A9 2D				lda	>r_path
   591 29BF 8D 55 03				sta	ICBA+$11
   592 29C2 A9 00				lda	#0
   593 29C4 8D 5A 03				sta	ICAX1+$10
   594 29C7 8D 5B 03				sta	ICAX2+$10
   595 29CA 20 56 E4				jsr	CIOV
   596 						
   597 						; set up the KB interupt handler now that R: is open.
   598 29CD 78					sei				; disable interupts before we set the new vector
   599 29CE A9 F1				lda	#<kbd_irq
   600 29D0 8D 08 02				sta	VKEYBD
   601 29D3 A9 2C				lda	#>kbd_irq
   602 29D5 8D 09 02				sta	VKEYBD+1
   603 29D8 58					cli				; re-enable interupts
   604 						
   605 29D9 20 2D 2D		wait_for_byte	jsr	check_sendbuf		; check to see if the send buffer has characters to be sent
   606
   607 29DC A2 10				ldx	#$10
   608 29DE A9 0D				lda	#13
   609 29E0 8D 52 03				sta	ICCOM+$10
   610 29E3 A9 6A				lda	<r_path
   611 29E5 8D 54 03				sta	ICBA+$10
   612 29E8 A9 2D				lda	>r_path
   613 29EA 8D 55 03				sta	ICBA+$11
   614 29ED A9 00				lda	#0
   615 29EF 8D 5A 03				sta	ICAX1+$10
   616 29F2 8D 5B 03				sta	ICAX2+$10
   617 29F5 20 56 E4				jsr	CIOV
   618 						
   619 29F8 AD EB 02				lda	DVSTAT1			; DVSTAT1 and 2 hold the number of bytes in the input buffer
   620 29FB 0D EC 02				ora	DVSTAT2
   621 29FE F0 D9				beq	wait_for_byte		; if they're 0, keep waiting
   622 						
   623 2A00				.local				; read bytes - right now this will get a max of 255 bytes, even though the buffer is
   624 2A00 A2 10				ldx	#$10			; 256 bytes. This could be fixed later. recvbuflen = 0 could mean 256, since the only
   625 2A02 A9 07				lda	#$07			; time execution reaches here is if there are more than 0 bytes to be processed.
   626 2A04 8D 52 03				sta	ICCOM+$10
   627 2A07 A9 8F				lda	#<recv_buffer
   628 2A09 8D 54 03				sta	ICBA + $10
   629 2A0C A9 2F				lda	#>recv_buffer
   630 2A0E 8D 55 03				sta	ICBA + $11
   631 2A11 AD EC 02				lda	DVSTAT2
   632 2A14 D0 06				bne	maxbuflen
   633 2A16 AD EB 02				lda	DVSTAT1
   634 2A19 4C 1E 2A				jmp	storebuflen
   635 2A1C A9 FF		maxbuflen	lda	#$FF
   636 2A1E 8D 58 03		storebuflen	sta	ICBL + $10
   637 2A21 85 8F				sta	recvbuflen
   638 2A23 A9 00				lda	#$0
   639 2A25 8D 59 03				sta	ICBL + $11
   640 2A28 A9 0D				lda	#$0D
   641 2A2A 8D 5A 03				sta	ICAX1 + $10		; turns out you need this for GET or it doesn't work.
   642 2A2D 20 56 E4				jsr	CIOV			; so after this, the receive buffer should have characters in it to be processed
   643 						
   644 2A30 A0 00				ldy	#0
   645 2A32 B9 8F 2F		next_byte	lda	recv_buffer, y		; get character from buffer
   646 2A35 85 8D				sta	temp_char		; put it here to pass to process_char
   647 2A37 98					tya
   648 2A38 48					pha				; push Y just in case
   649
   650 2A39 20 46 2A				jsr 	process_char		; process the character
   651
   652 2A3C 68					pla
   653 2A3D A8					tay				; get Y back
   654
   655 2A3E C8					iny				; next character
   656
   657 2A3F C4 8F				cpy	recvbuflen
   658 2A41 D0 EF				bne	next_byte		; if they're not equal, we get the next byte
   659 						
   660 2A43 4C D9 29				jmp	wait_for_byte
   661 						.endl
   662
   663 2A46			process_char	.local
   664 2A46 24 8B				bit	ctrl_seq_flg
   665 2A48 70 0F				bvs	is_ctrl_seq		; if overflow set, it's a control sequence
   666 2A4A 10 32				bpl	not_C1			; if escape flag not set, it's not a C1 character
   667 2A4C A9 00				lda	#0			; if it is, we clear the escape flag for the next character.
   668 2A4E 85 8B				sta	ctrl_seq_flg
   669 2A50 A5 8D				lda	temp_char
   670 2A52 29 E0				and	#%11100000		; AND mask for C1 set
   671 2A54 C9 40				cmp	#$40			; if it's $40 after ANDing,
   672 2A56 F0 40				beq	is_C1			; it's part of the C1 set
   673 2A58 60					rts				; otherwise, it's some other character preceded by escape, which we do nothing with (don't even print it)
   674
   675 2A59			is_ctrl_seq	.local
   676 2A59 A5 8D				lda	temp_char
   677 2A5B C9 20				cmp	#$20
   678 2A5D 90 11				bcc	bad_ctrl_seq		; control sequence is bad if character isn't greater than or equal to #$20
   679 2A5F C9 7F				cmp	#$7F			; control sequence is bad if character is greater than or equal to #$7F
   680 2A61 B0 0D				bcs	bad_ctrl_seq		; this is all in the ECMA 48 spec.
   681 2A63 A6 92				ldx	ctrl_seq_index		; get index
   682 2A65 9D 8F 31				sta	ctrl_seq_buf,x		; store byte in the buffer
   683 2A68 E8					inx
   684 2A69 86 92				stx	ctrl_seq_index
   685 2A6B C9 40				cmp	#$40			; if control sequence byte is greater than or equal to #$40, then it's the final byte.
   686 2A6D B0 06				bcs	is_final_byte
   687 2A6F 60					rts
   688 						
   689 2A70 A9 00		bad_ctrl_seq	lda	#0
   690 2A72 85 8B				sta	ctrl_seq_flg
   691 2A74 60					rts
   692 						
   693 2A75 85 93		is_final_byte	sta	final_byte
   694 2A77 A9 00				lda	#0
   695 2A79 85 8B				sta	ctrl_seq_flg
   696 2A7B 4C AB 2A				jmp	do_ctrl_seq
   697 						.endl
   698 						
   699
   700 2A7E A5 8D		not_C1		lda	temp_char
   701 2A80 C9 20				cmp	#32
   702 2A82 90 03				bcc	is_C0			; if the character is less than 32, it's a part of the C0 control set
   703 						
   704 2A84 4C EA 2A				jmp	put_byte		; if it's not part of the C0 set, just print it.
   705
   706 						
   707 2A87 0A			is_C0		asl				; multiply by two to get an offset into the C0 handler table
   708 2A88 AA					tax				; transfer to X to be used as an index
   709 2A89 BD FA 2D				lda	C0_handler_table, x	; transfer the address of the proper handler
   710 2A8C 8D 96 2A				sta	jump_C0 + 1
   711 2A8F BD FB 2D				lda	C0_handler_table + 1, x
   712 2A92 8D 97 2A				sta	jump_C0 + 2
   713 2A95 4C 00 00		jump_C0		jmp	$0000			; into the operand of this JSR
   714 								
   715 2A98			is_C1
   716 2A98 A5 8D				lda	temp_char
   717 2A9A 0A					asl
   718 2A9B AA					tax
   719 2A9C BD BA 2D				lda	C1_handler_table-$80,x	; transfer the address of the proper handler
   720 2A9F 8D A9 2A				sta	jump_C1 + 1
   721 2AA2 BD BB 2D				lda	C1_handler_table-$7F,x
   722 2AA5 8D AA 2A				sta	jump_C1 + 2
   723 2AA8 4C 00 00		jump_C1		jmp	$0000
   724 						.endl
   725 						
   726 2AAB			do_ctrl_seq	.local
   727 2AAB A6 92				ldx	ctrl_seq_index
   728 2AAD CA					dex
   729 2AAE CA					dex
   730 2AAF BD 8F 31				lda	ctrl_seq_buf,x
   731 2AB2 C9 30				cmp	#$30
   732 2AB4 B0 05				bcs	no_inter_byte		; if this byte is less than #$30, it's an intermediate byte.
   733 2AB6 85 94				sta	inter_byte
   734 2AB8 4C BF 2A				jmp	find_entry
   735 2ABB A9 00		no_inter_byte	lda	#0
   736 2ABD 85 94				sta	inter_byte
   737 						
   738 2ABF A2 00		find_entry	ldx	#0
   739 2AC1 BD 7A 2E		next_entry	lda	ctrl_seq_table,x	; get final byte from table
   740 2AC4 F0 23				beq	last_entry		; if the last entry is reached, jump
   741 2AC6 C5 93				cmp	final_byte		; compare to actual final byte
   742 2AC8 D0 18				bne	wrong_f_byte		; jump if they don't match
   743 2ACA E8					inx
   744 2ACB BD 7A 2E				lda	ctrl_seq_table,x	; get intermediate byte
   745 2ACE C5 94				cmp	inter_byte		; compare to actual intermediate byte
   746 2AD0 D0 11				bne	wrong_i_byte		; jump if they don't match
   747 2AD2 E8					inx				; point at low address of handler
   748 2AD3 BD 7A 2E				lda	ctrl_seq_table,x
   749 2AD6 8D E0 2A				sta	ctrl_seq_jmp+1
   750 2AD9 BD 7B 2E				lda	ctrl_seq_table+1,x
   751 2ADC 8D E1 2A				sta	ctrl_seq_jmp+2		; set up the jump
   752 						
   753 2ADF 4C 00 00		ctrl_seq_jmp	jmp	$0000			; jump to control sequence handler (the address here will be changed)
   754 						
   755 2AE2 E8			wrong_f_byte	inx				; points to intermediate byte after this
   756 2AE3 E8			wrong_i_byte	inx				; points to low address byte after this
   757 2AE4 E8					inx				; points to high address byte after this
   758 2AE5 E8					inx				; points to next final byte after this
   759 2AE6 4C C1 2A				jmp	next_entry
   760 						
   761 2AE9 60			last_entry	rts				; if we searched the whole list and didn't find it, do nothing.
   762 						.endl
   763
   764
   765 2AEA			put_byte	.local				; put the byte on the screen
   766 2AEA 20 DD 2C				jsr	cursor_off
   767 2AED A2 00				ldx	#$00
   768 2AEF A5 8D				lda	temp_char
   769 2AF1 81 80				sta	(cursor_address, x)
   770 2AF3 E6 80				inc	cursor_address
   771 2AF5 A5 82				lda	text_color		; get the current text color
   772 2AF7 81 80				sta	(cursor_address, x)
   773 2AF9 E6 80				inc	cursor_address
   774 2AFB D0 02				bne	no_carry		; if the increment resulted in 0, then we rolled over and need to carry
   775 2AFD E6 81				inc	cursor_address + 1	; carry means high address needs to be incremented
   776 2AFF E6 84		no_carry	inc	column			; move the cursor forward
   777 2B01 A9 4F				lda	#79
   778 2B03 C5 84				cmp	column
   779 2B05 B0 0C				bcs	no_new_line		; if 79 >= col, no new line is needed
   780 2B07 A5 83				lda	row
   781 2B09 C9 17				cmp	#23			; if row is 23, then we need to scroll a line
   782 2B0B F0 09				beq	scroll
   783 2B0D E6 83				inc	row			; otherwise (when col > 79) go to the next line
   784 2B0F A9 00				lda	#00
   785 2B11 85 84				sta	column			; set column back to 0
   786 2B13 4C D8 2C		no_new_line	jmp	cursor_on
   787
   788 2B16 A9 60		scroll		lda	#<(vbxe_mem_base + $1000 - 160)
   789 2B18 85 80				sta	cursor_address
   790 2B1A A9 AF				lda	#>(vbxe_mem_base + $1000 - 160)
   791 2B1C 85 81				sta	cursor_address + 1
   792 						/*
   793 						lda	cursor_address		; what do I do this for? this is really unnecesary, all this math
   794 						sec				; I know that the only time I jump here is when I am pointing off the bottom of the
   795 						sbc	#160			; screen, just past the end of the VBXE window. so this math always results in the same
   796 						sta	cursor_address		; thing.
   797 						bcs	no_carry_1		; if carry clear (borrow)
   798 						dec	cursor_address+1	; decrement the high byte
   799 						*/
   799
   800 2B1E A9 00		no_carry_1	lda	#0			; otherwise, don't
   801 2B20 85 84				sta	column			; set column to 0. row stays 23
   802 2B22 20 80 2C				jsr	scroll_1d		; run the blitter routine to scroll one line down.
   803 2B25 4C D8 2C				jmp	cursor_on
   804 						.endl
   805
   806 				;###################################################################################################################
   807 				; control sequence handlers
   808 2B28			SOH_adr						; Start of Header prints a character
   809 2B28			STX_adr						; Start of Text prints a character
   810 2B28			ETX_adr						; End of Text prints a character
   811 2B28			EOT_adr						; End of Transmission prints a character
   812 2B28			ACK_adr						; Acknowledge prints a character
   813 2B28			SO_adr						; Shift Out prints a character
   814 2B28			SI_adr						; Shift In prints a character
   815 2B28			DLE_adr						; Data Link Escape prints a character
   816 2B28			DC1_adr						; Device Control 1-4 print a character
   817 2B28			DC2_adr
   818 2B28			DC3_adr
   819 2B28			DC4_adr
   820 2B28			NAK_adr						; Non-Acknowledge prints a character
   821 2B28			SYN_adr						; Synchronous Idle prints a character
   822 2B28			ETB_adr						; End of Transmission Block prints a character
   823 2B28			CAN_adr						; Cancel prints a character
   824 2B28			EM_adr						; End of Medium prints a character
   825 2B28			SUB_adr						; Substitute prints a character
   826 2B28			IS1_adr						; Information Separator 1-4 print characters
   827 2B28			IS2_adr
   828 2B28			IS3_adr
   829 2B28			IS4_adr
   830 2B28 4C EA 2A				jmp 	put_byte		; the put_byte routine will return for us
   831 2B2B			ESC_adr						; Escape sets the escape flag
   832 2B2B A9 80				lda	#$80
   833 2B2D 85 8B				sta	ctrl_seq_flg
   834 2B2F 60					rts
   835 2B30			CSI_adr						; Control Sequence Introducer sets the CSI flag which causes interpretation of a control sequence to begin
   836 2B30 A9 00				lda	#0
   837 2B32 85 92				sta	ctrl_seq_index
   838 2B34 A9 40				lda	#$40
   839 2B36 85 8B				sta	ctrl_seq_flg
   840 2B38 60					rts
   841 2B39			VT_adr						; Vertical Tab. for now, same as LF
   842 2B39			IND_adr						; Index is same as LF
   843 2B39			LF_adr		.local				; Line Feed moves the cursor down one line BUT only if we're not on the last line
   844 										; down one line is forward 80 columns, or 160 bytes
   845 2B39 20 DD 2C				jsr	cursor_off
   846 2B3C A5 83				lda	row
   847 2B3E C9 17				cmp	#23			; if row is at 24,
   848 2B40 F0 10				beq	scroll			; we scroll
   849 2B42 A9 A0				lda	#160			; otherwise, we add 160.
   850 2B44 18					clc				; clear the carry in prep for the addition.
   851 2B45 65 80				adc	cursor_address		; add 160 to the low part of the cursor address.
   852 2B47 85 80				sta	cursor_address
   853 2B49 90 02				bcc	no_carry		; if there's a carry,
   854 2B4B E6 81				inc	cursor_address + 1	; increment the high half of the address.
   855 2B4D E6 83		no_carry	inc	row			; Line Feed increments row
   856 2B4F 4C D8 2C				jmp	cursor_on
   857 2B52 20 80 2C		scroll		jsr	scroll_1d		; scroll one line down. we don't need to touch the cursor address, the row, or column.
   858 2B55 4C D8 2C				jmp	cursor_on
   859 						.endl
   860
   861 2B58			CR_adr		.local				; Carriage Return puts the cursor at the home position of the current line 
   862 				                                                ; (AKA, cursor gets column number * 2 bytes/char subtracted from it)
   863 2B58 20 DD 2C				jsr	cursor_off
   864 2B5B A5 80				lda	cursor_address		; get cursor
   865 2B5D 38					sec				; set carry for subtraction
   866 2B5E E5 84				sbc	column			; do the subtraction
   867 2B60 B0 02				bcs	no_borrow1		; carry will be clear if no borrow
   868 2B62 C6 81				dec	cursor_address + 1	; otherwise it borrowed, so decrement cursor_address high byte
   869 2B64 38			no_borrow1	sec				; prepare for another subtraction
   870 2B65 E5 84				sbc	column			; do it
   871 2B67 B0 02				bcs	no_borrow2		; borrow thing again...
   872 2B69 C6 81				dec	cursor_address + 1
   873 2B6B 85 80		no_borrow2	sta	cursor_address		; store the result
   874 2B6D A9 00				lda 	#00
   875 2B6F 85 84				sta	column			; set column to 0
   876 2B71 4C D8 2C				jmp	cursor_on
   877 						.endl
   878
   879 2B74			BEL_adr		.local				; Bell is supposed to play a tone, flash the screen, something.
   880 										; this routine is copied out of the atari OS. it is what Atari used to do a bell character.
   881 										; it's slightly modified. the original routine called the keyclick routine 32 (#$20) times.
   882 										; I use a nested loop.
   883 										; perhaps later, I will separate the keyclick routine for my own purposes.
   884 2B74 A0 20				ldy	#$20
   885 2B76 A2 7E		repeat		ldx	#$7E
   886 2B78 8E 1F D0		spk		stx	CONSOL
   887 2B7B AD 0B D4				lda	VCOUNT
   888 2B7E CD 0B D4		wait		cmp	VCOUNT
   889 2B81 F0 FB				beq	wait
   890 2B83 CA					dex
   891 2B84 CA					dex
   892 2B85 10 F1				bpl	spk
   893 2B87 88					dey
   894 2B88 10 EC				bpl	repeat
   895 2B8A 60					rts
   896 						.endl
   897 						
   898 2B8B			FF_adr						; Form Feed clears the screen and sets cursor to the home position.
   899 2B8B 20 DD 2C				jsr	cursor_off
   900 2B8E A9 00				lda	#0			; home the cursor
   901 2B90 85 83				sta	row
   902 2B92 85 84				sta	column
   903 2B94 A9 00				lda	#<vbxe_screen_top
   904 2B96 85 80				sta	cursor_address
   905 2B98 A9 A1				lda	#>vbxe_screen_top
   906 2B9A 85 81				sta	cursor_address + 1
   907 2B9C 20 AC 2C				jsr	scroll_page		; clear the screen
   908 2B9F 4C D8 2C				jmp	cursor_on
   909 						
   910 2BA2			BS_adr		.local				; Back Space moves the cursor left by one character (2 bytes).
   911 2BA2 20 DD 2C				jsr	cursor_off
   912 2BA5 A5 84				lda	column
   913 2BA7 D0 01				bne	not_left		; if we're not at the left side yet, keep going
   914 2BA9 60					rts				; but if we ARE at the left side, do nothing
   915 2BAA C6 84		not_left	dec	column			; if column isn't 0, we just decrement it
   916 2BAC A5 80				lda	cursor_address
   917 2BAE D0 02				bne	no_borrow		; if the cursor address low half isn't 0, we don't borrow
   918 2BB0 C6 81				dec	cursor_address + 1	; otherwise, borrow
   919 2BB2 C6 80		no_borrow	dec	cursor_address		; if it weren't for the fact that cursor_address should always be even,
   920 2BB4 C6 80				dec 	cursor_address		; we would have to look for a borrow here too.
   921 2BB6 4C D8 2C				jmp	cursor_on
   922 						.endl
   923 2BB9			NUL_adr						; null does nothing
   924 2BB9			ENQ_adr						; Enquiry is probably supposed to return an ACK, but for now, it does nothing
   925 2BB9			HT_adr						; Horizontal Tab normally causes the cursor to move to the next tab stop. for now, nothing
   926 2BB9			HTS_adr						; no tab stuff just yet
   927 2BB9			HTJ_adr
   928 2BB9			VTS_adr
   929 2BB9			BPH_adr						; BPH doesn't apply in this case.
   930 2BB9			NBH_adr						; nor do any of the following
   931 2BB9			SSA_adr
   932 2BB9			ESA_adr
   933 2BB9			PLD_adr
   934 2BB9			PLU_adr
   935 2BB9			RI_adr
   936 2BB9			SS2_adr
   937 2BB9			SS3_adr
   938 2BB9			DCS_adr
   939 2BB9			PU1_adr
   940 2BB9			PU2_adr
   941 2BB9			STS_adr
   942 2BB9			CCH_adr
   943 2BB9			MW_adr
   944 2BB9			SPA_adr
   945 2BB9			EPA_adr
   946 2BB9			SOS_adr
   947 2BB9			SCI_adr
   948 2BB9			ST_adr
   949 2BB9			OSC_adr
   950 2BB9			PM_adr
   951 2BB9			APC_adr
   952 2BB9 60					rts
   953 2BBA			NEL_adr						; Next Line is combination of CR and LF
   954 2BBA 20 58 2B				jsr	CR_adr
   955 2BBD 4C 39 2B				jmp	LF_adr
   956
   957 2BC0			SGR_adr		.local				; set graphics rendition control sequence
   958 2BC0 A2 FF				ldx	#$FF
   959 2BC2 A9 00		next_parm	lda	#0
   960 2BC4 85 95				sta	parameter_val		; zero parameter value, this is the default value for this control sequence also
   961 2BC6 E8			next_byte	inx				; increment index
   962 2BC7 BD 8F 31				lda	ctrl_seq_buf,x		; get byte of control sequence
   963 2BCA A8					tay				; save original value
   964 2BCB 29 F0				and	#$F0
   965 2BCD C9 30				cmp	#$30			; if it's #$3x, then it's a parameter value
   966 2BCF D0 27				bne	is_last_parm		; otherwise, it has to be the final byte.
   967 2BD1 98					tya				; get value back
   968 2BD2 C9 3A				cmp	#$3A
   969 2BD4 90 09				bcc	add_digit		; if it's less than #$3A, then append the digit to parameter_val
   970 2BD6 F0 EE				beq	next_byte		; if it's #$3A, then ignore it
   971 2BD8 C9 3B				cmp	#$3B
   972 2BDA F0 16				beq	parse_parm		; if it's #$3B, then it's the end of a parameter substring
   973 2BDC 4C C6 2B				jmp	next_byte		; otherwise, at this point, it must be a bad value (#$3C through #$3F)
   974
   975 2BDF 29 0F		add_digit	and	#$0F			; we just want the last 4 bits
   976 2BE1 A8					tay				; save this
   977 2BE2 A5 95				lda	parameter_val		; append the digit to parameter_val
   978 2BE4 0A					asl
   979 2BE5 0A					asl
   980 2BE6 0A					asl
   981 2BE7 0A					asl
   982 2BE8 85 95				sta	parameter_val
   983 2BEA 98					tya
   984 2BEB 05 95				ora	parameter_val
   985 2BED 85 95				sta	parameter_val
   986 2BEF 4C C6 2B				jmp	next_byte
   987 						
   988 2BF2			parse_parm
   989 2BF2 20 F8 2B				jsr	is_last_parm
   990 2BF5 4C C2 2B				jmp	next_parm
   991 						
   992 2BF8			is_last_parm	.local
   993 2BF8 A5 95				lda	parameter_val
   994 2BFA 29 F0				and	#$F0
   995 2BFC F0 09				beq	simple_attrib		; if it's zero, it's a simple attribute (bold, inverse, etc.)
   996 2BFE C9 30				cmp	#$30
   997 2C00 F0 32				beq	forecolor_attr		; foreground (text) color change
   998 2C02 C9 40				cmp	#$40
   999 2C04 F0 41				beq	backcolor_attr		; background color change
  1000 2C06 60					rts				; otherwise it's not supported
  1001
  1002 2C07			simple_attrib	.local
  1003 2C07 A5 95				lda	parameter_val
  1004 2C09 29 0F				and	#$0F
  1005 2C0B F0 0D				beq	default
  1006 2C0D C9 01				cmp	#$1
  1007 2C0F F0 0E				beq	bold
  1008 2C11 C9 02				cmp	#$2
  1009 2C13 F0 11				beq	unbold
  1010 2C15 C9 07				cmp	#$7
  1011 2C17 F0 14				beq	inverse
  1012 2C19 60					rts
  1013
  1014 2C1A A9 87		default		lda	#$87
  1015 2C1C 85 82				sta	text_color
  1016 2C1E 60					rts
  1017 						
  1018 2C1F A5 82		bold		lda	text_color
  1019 2C21 09 08				ora	#%00001000
  1020 2C23 85 82				sta	text_color
  1021 2C25 60					rts
  1022 						
  1023 2C26 A5 82		unbold		lda	text_color
  1024 2C28 29 F7				and	#%11110111
  1025 2C2A 85 82				sta	text_color
  1026 2C2C 60					rts
  1027 						
  1028 2C2D A5 82		inverse		lda	text_color
  1029 2C2F 49 77				eor	#%01110111
  1030 2C31 85 82				sta	text_color
  1031 2C33 60					rts
  1032 						.endl
  1033 						
  1034 2C34			forecolor_attr	.local
  1035 2C34 A5 95				lda	parameter_val
  1036 2C36 C9 38				cmp	#$38
  1037 2C38 B0 0C				bcs	ignore
  1038 2C3A 29 0F				and	#$0F
  1039 2C3C 85 95				sta	parameter_val
  1040 2C3E A5 82				lda	text_color
  1041 2C40 29 F8				and	#$F8
  1042 2C42 05 95				ora	parameter_val
  1043 2C44 85 82				sta	text_color
  1044 2C46 60			ignore		rts
  1045 						.endl
  1046 						
  1047 2C47			backcolor_attr	.local
  1048 2C47 A5 95				lda	parameter_val
  1049 2C49 C9 48				cmp	#$48
  1050 2C4B B0 10				bcs	ignore
  1051 2C4D 29 0F				and	#$0F
  1052 2C4F 0A					asl
  1053 2C50 0A					asl
  1054 2C51 0A					asl
  1055 2C52 0A					asl
  1056 2C53 85 95				sta	parameter_val
  1057 2C55 A5 82				lda	text_color
  1058 2C57 29 8F				and	#$8F
  1059 2C59 05 95				ora	parameter_val
  1060 2C5B 85 82				sta	text_color
  1061 2C5D 60			ignore		rts
  1062 						.endl
  1063 						
  1064 						.endl
  1065
  1066 						.endl
  1067 						
  1068 2C5E			mem_move	.local				; memory move routine.
  1069 				; copies number of bytes in counter + 1 from address in src_ptr to address in dst_ptr
  1070
  1071 2C5E A0 00				ldy	#0			; we don't want an offset actually, but the 6502 uses one anyway
  1072 2C60 B1 85		loop		lda	(src_ptr),y		; move a byte
  1073 2C62 91 87				sta	(dst_ptr),y
  1074 2C64 E6 85				inc	src_ptr			; increment the pointer
  1075 2C66 D0 02				bne	no_carry_0		; if it rolled over (to zero)
  1076 2C68 E6 86				inc	src_ptr+1		; then increment the high byte
  1077 2C6A E6 87		no_carry_0	inc	dst_ptr			; increment the other pointer
  1078 2C6C D0 02				bne	no_carry_1
  1079 2C6E E6 88				inc	dst_ptr+1
  1080 2C70 A5 89		no_carry_1	lda	counter			; check to see if count is 0
  1081 2C72 D0 06				bne	no_borrow		; if it's not, we don't borrow
  1082 2C74 A5 8A				lda	counter+1		; check to see if count's high byte is 0 also
  1083 2C76 F0 07				beq	done			; in which case we're done
  1084 2C78 C6 8A				dec	counter+1		; but if we're not, we borrow
  1085 2C7A C6 89		no_borrow	dec	counter
  1086 2C7C 4C 60 2C				jmp	loop
  1087 2C7F 60			done		rts
  1088 						.endl
  1089
  1090 2C80			scroll_1d	.local				; scroll one down routine.
  1091 				; uses the blitter to move everything up just one line.
  1092
  1093 2C80 AD 5F D6				lda	memac_bank_sel		; get the old bank number (should be the last bank, but we can't assume)
  1094 2C83 48					pha
  1095 						
  1096 2C84 A9 80				lda	#$80			; bank 0, so we can put the color byte as the fill byte
  1097 2C86 8D 5F D6				sta	memac_bank_sel
  1098 						
  1099 2C89 A5 82				lda	text_color		; put the color in the fill pattern location.
  1100 2C8B 8D 48 A8				sta	scroll_1d_color-xdl+$0800+vbxe_mem_base
  1101 						
  1102 2C8E A9 0E				lda	#<(bcb_one_down - xdl + $800)
  1103 2C90 8D 50 D6				sta	blt_adr
  1104 2C93 A9 08				lda	#>(bcb_one_down - xdl + $800)
  1105 2C95 8D 51 D6				sta	blt_adr+1
  1106 2C98 A9 00				lda	#^(bcb_one_down - xdl + $800)
  1107 2C9A 8D 52 D6				sta	blt_adr+2
  1108 						
  1109 2C9D A9 01				lda	#1
  1110 2C9F 8D 53 D6				sta	blt_start
  1111 						
  1112 2CA2 AD 53 D6		loop		lda	blt_busy
  1113 2CA5 D0 FB				bne	loop
  1114 						
  1115 2CA7 68					pla
  1116 2CA8 8D 5F D6				sta	memac_bank_sel
  1117 2CAB 60					rts
  1118 						.endl
  1119 						
  1120 2CAC			scroll_page	.local				; scroll one page
  1121 				; used for FF and also to initialize the screen so the color is not all $00
  1122
  1123 2CAC AD 5F D6				lda	memac_bank_sel		; get the old bank number (should be the last bank, but we can't assume)
  1124 2CAF 48					pha
  1125 						
  1126 2CB0 A9 80				lda	#$80			; bank 0, so we can put the color byte as the fill byte
  1127 2CB2 8D 5F D6				sta	memac_bank_sel
  1128 						
  1129 2CB5 A5 82				lda	text_color		; put the color in the fill pattern location.
  1130 2CB7 8D 87 A8				sta	clr_scr_color-xdl+$0800+vbxe_mem_base
  1131 						
  1132 2CBA A9 4D				lda	#<(bcb_clr_scr - xdl + $800)
  1133 2CBC 8D 50 D6				sta	blt_adr
  1134 2CBF A9 08				lda	#>(bcb_clr_scr - xdl + $800)
  1135 2CC1 8D 51 D6				sta	blt_adr+1
  1136 2CC4 A9 00				lda	#^(bcb_clr_scr - xdl + $800)
  1137 2CC6 8D 52 D6				sta	blt_adr+2
  1138 						
  1139 2CC9 A9 01				lda	#1
  1140 2CCB 8D 53 D6				sta	blt_start
  1141 						
  1142 2CCE AD 53 D6		loop		lda	blt_busy
  1143 2CD1 D0 FB				bne	loop
  1144 						
  1145 2CD3 68					pla
  1146 2CD4 8D 5F D6				sta	memac_bank_sel
  1147 2CD7 60					rts
  1148 						.endl
  1149 						
  1150 2CD8			cursor_on	.local				; turn on the cursor
  1151 				; but ONLY if the cursor isn't already on
  1152 2CD8 24 8C				bit	cursor_flg
  1153 2CDA 10 06				bpl	cursor_toggle
  1154 2CDC 60			skip		rts
  1155 						.endl
  1156 						
  1157 2CDD			cursor_off	.local				; turn off the cursor
  1158 				; but ONLY if the cursor isn't already off
  1159 2CDD 24 8C				bit	cursor_flg
  1160 2CDF 30 01				bmi	cursor_toggle
  1161 2CE1 60			skip		rts
  1162 						.endl
  1163
  1164 2CE2			cursor_toggle					; inverts the color of the current character to show the cursor
  1165 2CE2 A0 01				ldy	#1
  1166 2CE4 B1 80				lda	(cursor_address),y
  1167 2CE6 49 77				eor	#$77			; invert the color, but not bit 7 (transparency bit) or bit 3 (foreground intensity)
  1168 2CE8 91 80				sta	(cursor_address),y
  1169 2CEA A5 8C				lda	cursor_flg
  1170 2CEC 49 80				eor	#$80			; flip the cursor flag
  1171 2CEE 85 8C				sta	cursor_flg
  1172 2CF0 60					rts
  1173 						
  1174 2CF1			kbd_irq		.local
  1175 				; some of this code is based on the OS keyboard IRQ code. It even reuses some of the same OS variables.
  1176
  1177 2CF1 AD 09 D2				lda	KBCODE			; get the key
  1178 2CF4 CD F2 02				cmp	CH1			; and check if it's the same as last time
  1179 2CF7 D0 08				bne	new_key			; if not, then it's definitely a new press
  1180 2CF9 AD F1 02				lda	KEYDEL			; but if not, we need to see if it's too soon (and therefore a bounce)
  1181 2CFC F0 03				beq	new_key			; so if it is not, then it's a new press
  1182 2CFE 4C 26 2D				jmp	bounce			; otherwise, it's a bounce
  1183 						
  1184 2D01 8A			new_key		txa
  1185 2D02 48					pha				; we are going to need X
  1186 2D03 A9 03				lda	#$03			; we put this back in keydel so we can check for bounce again
  1187 2D05 8D F1 02				sta	KEYDEL
  1188 2D08 AD 09 D2				lda	KBCODE			; if it's not, then we need the keycode again
  1189 2D0B 8D F2 02				sta	CH1			; and we put it in here so we can check for bounce next time
  1190
  1191 				; I guess I will convert the key code to ASCII here, and interpret it, etc.
  1192 				; I'll probably use an LUT
  1193 				; for now, I guess I will just convert to ASCII and send. everything (for now) will become one character.
  1194 				; return will produce CR I suppose. (for now only of course)
  1195
  1196 2D0E AA					tax
  1197 2D0F BD 7F 2E				lda	keycode_table,x		; get the ascii conversion (if there is one) from the table
  1198 2D12 F0 0C				beq	no_value		; if it's 0, then we don't do anything
  1199
  1200 2D14 A6 91				ldx	sendbufend		; get the current offset in the send FIFO
  1201 2D16 E8					inx				; increment it
  1202 2D17 E4 90				cpx	sendbufstart		; if it's now the same as this, then the buffer is actually full
  1203 2D19 F0 05				beq	no_value		; we can't really do anything here, or else we'll cause a buffer overrun
  1204 2D1B 86 91				stx	sendbufend		; but otherwise we're fine, so this becomes the new value
  1205 						
  1206 2D1D 9D 8F 30				sta	send_buffer,x		; and we can put the character into the buffer here
  1207
  1208 2D20 A9 00		no_value	lda	#$00			; key down, so reset ATRACT counter
  1209 2D22 85 4D				sta	ATRACT			; not that it matters so much with VBXE, but it'll prevent changing border colors
  1210 2D24 68					pla
  1211 2D25 AA					tax				; get x back
  1212
  1213 2D26 A9 30		bounce		lda	#$30			; we still set the repeat timer on a bounce I guess
  1214 2D28 8D 2B 02				sta	SRTIMR			; that's the way the OS does it
  1215 2D2B 68					pla				; apparently the routine which jumps through the keyboard vector pushes A
  1216 2D2C 40					rti				; RTI because interupt
  1217 						.endl
  1218 						
  1219 2D2D			check_sendbuf	.local				; checks to see if the send buffer is empty, and sends it if it's not.
  1220 				; in the future, there may be a few different cases handled here.
  1221 				; the first is an empty buffer, so you return.
  1222 				; the second is a nonempty buffer, but only one character in the buffer (probably the next most common case next to no characters).
  1223 				; the third is a nonempty buffer with multiple characters in it
  1224 				; this one breaks down into two more cases, one where the bytes are contiguous, the other where they cross the end of the buffer
  1225 				; perhaps it's possible to prevent this case by resetting the buffer indexes to 0 once the buffer is empty.
  1226 				; however, this could conflict with the keyboard interupt if the interupt fires while inside this routine.
  1227 				; Right now, the only thing saving me from having to disable interupts for that scenario is that I never modify sendbufend
  1228 				; outside of the KBD IRQ
  1229
  1230 2D2D A5 90				lda	sendbufstart
  1231 2D2F C5 91				cmp	sendbufend
  1232 2D31 D0 01				bne	not_empty		; jump if the buffer isn't empty
  1233 						
  1234 2D33 60					rts				; or return otherwise
  1235
  1236 2D34 A2 10		not_empty	ldx	#$10			; for now, we send one character out of the buffer
  1237 2D36 A9 0B				lda	#$0B			; this will probably be the most common non-empty possibility anyway
  1238 2D38 8D 52 03				sta	ICCOM+$10		; it'll still handle multiple characters in the buffer too, just a little more slowly
  1239 2D3B A9 00				lda	#$00			; buffer length 0 uses character in accumulator
  1240 2D3D 8D 58 03				sta	ICBL + $10
  1241 2D40 8D 59 03				sta	ICBL + $11
  1242 2D43 A9 0D				lda	#$0D
  1243 2D45 8D 5A 03				sta	ICAX1 + $10		; turns out you need this for GET or it doesn't work.
  1244 2D48 A4 90				ldy	sendbufstart		; get index of last byte sent (use Y because X isn't free)
  1245 2D4A C8					iny				; increment it to get the next byte to be sent
  1246 2D4B 84 90				sty	sendbufstart		; update it
  1247 2D4D B9 8F 30				lda	send_buffer, y		; get the character at the index
  1248 2D50 4C 56 E4				jmp	CIOV			; and send it.
  1249 						.endl
  1250 						
  1251 2D53 44 3A 49 42 4D 50 + font_path	.byte	'D:IBMPC.FNT', $9B
  1252 2D5F 44 3A 41 4E 53 49 + pallette_path	.byte	'D:ANSI.PAL', $9B
  1253 				;test_file	.byte	'D:TEST.ANS', $9B
  1254 2D6A 52 31 3A 9B		r_path		.byte	'R1:', $9B
  1255
  1256 				;temp_char	.byte	$00			; temporary location for storing a character
  1257
  1258 2D6E			xdl		; start of xdl
  1259
  1260 				; displays 24 scanlines of no overlay (ANTIC display list should be displaying blank
  1261 				; lines of GTIA background color)
  1262
  1263 2D6E 34					.byte	%00110100		; OVOFF, MAPOFF, RPTL - overlay off, color map off, repeat scanlines
  1264 2D6F 08					.byte	%00001000		; ATT - display size and overlay priority
  1265 2D70 17					.byte	24-1			; 24 scanlines
  1266 2D71 01					.byte	%00000001		; pallette 0, ANTIC normal mode
  1267 2D72 FF					.byte	%11111111		; overlay is priority over everything
  1268
  1269 				; now on to the 80x24 text portion
  1270
  1271 2D73 61					.byte	%01100001		; RPTL, OVADR
  1272 2D74 81					.byte	%10000001		; CHBASE, XDL_END
  1273 2D75 BF					.byte	192-1			; 192 scanlines of text (24 rows)
  1274
  1275 				; overlay address starts at top of memory - 3840. this means the last line is at the top of memory
  1276
  1277 2D76 00 F1 07				.long	$080000 - [80*24*2]	; overlay address starts at the top of VBXE memory - bytes per screen
  1278 2D79 A0 00				.word	80 + 80			; each line of text is 80 characters and 80 colors (80 + 80 bytes)
  1279 2D7B 00					.byte	$00			; font is at the beginning of memory (far from text window)
  1280 2D7C			xdl_end
  1281
  1282 2D7C			bcb_start	; start of blitter lists
  1283
  1284 2D7C			bcb_one_down	; blitter to scroll one line down
  1285 2D7C A0 B5 07				.long	$07B5A0			; top of VBXE ram is $80000. this address is 5 pages back, plus one line. (src)
  1286 2D7F A0 00		                .word	80*2			; one line is 160 bytes wide, and we're working our way down, so positive
  1287 2D81 01			                .byte	1			; x step is 1 (we want forwards and to not skip stuff)
  1288 2D82 00 B5 07		                .long	$07B500			; top of VBXE ram is $80000. this address is 5 pages back. (dst)
  1289 2D85 A0 00		                .word	80*2			; x and y step is the same as the source ones
  1290 2D87 01			                .byte	1
  1291 2D88 9F 00		                .word	[80*2]-1		; width same as y step less one
  1292 2D8A 76					.byte	[5*24]-2		; 5 pages less one line, then minus one because that's what the doc says
  1293 2D8B FF					.byte	$FF			; AND mask. don't modify the data
  1294 2D8C 00					.byte	$00			; XOR mask. don't modify the data
  1295 2D8D 00					.byte	$00			; no collisions
  1296 2D8E 00					.byte	$00			; 1:1 zoom
  1297 2D8F 00					.byte	$00			; no pattern
  1298 2D90 08					.byte	%00001000		; NOT last entry, copy mode
  1299 						
  1300 2D91 00 00 00				.long	0			; doesn't matter
  1301 2D94 00 00				.word	0			; doesn't matter
  1302 2D96 00					.byte	0			; doesn't matter
  1303 2D97 60 FF 07				.long	$7FF60			; one line before the end of the screen
  1304 2D9A A0 00				.word	80*2			; y step really doesn't matter, since we're only doing one line, but it's 80 characters
  1305 2D9C 02					.byte	2			; x step is 2, we only want the character bytes, not color (for now)
  1306 2D9D 4F 00				.word	80-1			; width is 80 bytes
  1307 2D9F 00					.byte	1-1			; just the last line
  1308 2DA0 00					.byte	0			; filling with a pattern
  1309 2DA1 00					.byte	0			; fill value is 0
  1310 2DA2 00					.byte	0			; no collisions
  1311 2DA3 00					.byte	0			; 1:1 zoom
  1312 2DA4 00					.byte	0			; no pattern
  1313 2DA5 08					.byte	%00001000	        ; NOT last entry, copy mode.
  1314 						
  1315 2DA6 00 00 00				.long	0			; doesn't matter
  1316 2DA9 00 00				.word	0			; doesn't matter
  1317 2DAB 00					.byte	0			; doesn't matter
  1318 2DAC 61 FF 07				.long	$7FF61			; one line before the end of the screen, and one more so we fill the color bytes.
  1319 2DAF A0 00				.word	80*2			; y step really doesn't matter, since we're only doing one line, but it's 80 characters
  1320 2DB1 02					.byte	2			; x step is 2, we only want the color bytes, not character
  1321 2DB2 4F 00				.word	80-1			; width is 80 bytes
  1322 2DB4 00					.byte	1-1			; just the last line
  1323 2DB5 00					.byte	0			; filling with a pattern
  1324 2DB6 00			scroll_1d_color	.byte	0			; fill value will be changed by whatever uses this blitter list
  1325 2DB7 00					.byte	0			; no collisions
  1326 2DB8 00					.byte	0			; 1:1 zoom
  1327 2DB9 00					.byte	0			; no pattern
  1328 2DBA 00					.byte	0			; last entry, copy mode.
  1329 						
  1330 2DBB			bcb_clr_scr	; blitter to scroll a whole page up
  1331 2DBB 00 C4 07				.long	$07C400			; top of VBXE ram is $80000. this address is 4 pages back. (src)
  1332 2DBE A0 00		                .word	80*2			; one line is 160 bytes wide, and we're working our way down, so positive
  1333 2DC0 01			                .byte	1			; x step is 1 (we want forwards and to not skip stuff)
  1334 2DC1 00 B5 07		                .long	$07B500			; top of VBXE ram is $80000. this address is 5 pages back. (dst)
  1335 2DC4 A0 00		                .word	80*2			; x and y step is the same as the source ones
  1336 2DC6 01			                .byte	1
  1337 2DC7 9F 00		                .word	[80*2]-1		; width same as y step less one
  1338 2DC9 5F					.byte	[4*24]-1		; number of lines to move less one
  1339 2DCA FF					.byte	$FF			; AND mask. don't modify the data
  1340 2DCB 00					.byte	$00			; XOR mask. don't modify the data
  1341 2DCC 00					.byte	$00			; no collisions
  1342 2DCD 00					.byte	$00			; 1:1 zoom
  1343 2DCE 00					.byte	$00			; no pattern
  1344 2DCF 08					.byte	%00001000		; NOT last entry, copy mode
  1345
  1346 2DD0 00 00 00				.long	0			; doesn't matter
  1347 2DD3 00 00				.word	0			; doesn't matter
  1348 2DD5 00					.byte	0			; doesn't matter
  1349 2DD6 00 F1 07				.long	$7F100			; one page before the end of the screen
  1350 2DD9 A0 00				.word	80*2			; y step is 80 characters
  1351 2DDB 02					.byte	2			; x step is 2, we only want the character bytes, not color
  1352 2DDC 4F 00				.word	80-1			; width is 80 bytes
  1353 2DDE 17					.byte	24-1			; 24 lines
  1354 2DDF 00					.byte	0			; filling with a pattern
  1355 2DE0 00					.byte	0			; fill value is 0
  1356 2DE1 00					.byte	0			; no collisions
  1357 2DE2 00					.byte	0			; 1:1 zoom
  1358 2DE3 00					.byte	0			; no pattern
  1359 2DE4 08					.byte	%00001000		; NOT last entry, copy mode.
  1360 						
  1361 2DE5 00 00 00				.long	0			; doesn't matter
  1362 2DE8 00 00				.word	0			; doesn't matter
  1363 2DEA 00					.byte	0			; doesn't matter
  1364 2DEB 01 F1 07				.long	$7F101			; one page before the end of the screen, and one more so we fill the color bytes.
  1365 2DEE A0 00				.word	80*2			; y step really doesn't matter, since we're only doing one line, but it's 80 characters
  1366 2DF0 02					.byte	2			; x step is 2, we only want the color bytes, not characters
  1367 2DF1 4F 00				.word	80-1			; width is 80 bytes
  1368 2DF3 17					.byte	24-1			; 24 lines
  1369 2DF4 00					.byte	0			; filling with a pattern
  1370 2DF5 00			clr_scr_color	.byte	0			; fill value will be changed by whatever uses this blitter list
  1371 2DF6 00					.byte	0			; no collisions
  1372 2DF7 00					.byte	0			; 1:1 zoom
  1373 2DF8 00					.byte	0			; no pattern
  1374 2DF9 00					.byte	0			; last entry, copy mode.
  1375 						
  1376 2DFA			bcb_end
  1377
  1378 				;###################################################################################################################
  1379 				; table of addresses for control function handlers
  1380 2DFA			C0_handler_table
  1381 2DFA B9 2B				.word	NUL_adr
  1382 2DFC 28 2B				.word	SOH_adr
  1383 2DFE 28 2B				.word	STX_adr
  1384 2E00 28 2B				.word	ETX_adr
  1385 2E02 28 2B				.word	EOT_adr
  1386 2E04 B9 2B				.word	ENQ_adr
  1387 2E06 28 2B				.word	ACK_adr
  1388 2E08 74 2B				.word	BEL_adr
  1389 2E0A A2 2B				.word	BS_adr
  1390 2E0C B9 2B				.word	HT_adr
  1391 2E0E 39 2B				.word	LF_adr
  1392 2E10 39 2B				.word	VT_adr
  1393 2E12 8B 2B				.word	FF_adr
  1394 2E14 58 2B				.word	CR_adr
  1395 2E16 28 2B				.word	SO_adr
  1396 2E18 28 2B				.word	SI_adr
  1397 2E1A 28 2B				.word	DLE_adr
  1398 2E1C 28 2B				.word	DC1_adr
  1399 2E1E 28 2B				.word	DC2_adr
  1400 2E20 28 2B				.word	DC3_adr
  1401 2E22 28 2B				.word	DC4_adr
  1402 2E24 28 2B				.word	NAK_adr
  1403 2E26 28 2B				.word	SYN_adr
  1404 2E28 28 2B				.word	ETB_adr
  1405 2E2A 28 2B				.word	CAN_adr
  1406 2E2C 28 2B				.word	EM_adr
  1407 2E2E 28 2B				.word	SUB_adr
  1408 2E30 2B 2B				.word	ESC_adr
  1409 2E32 28 2B				.word	IS4_adr
  1410 2E34 28 2B				.word	IS3_adr
  1411 2E36 28 2B				.word	IS2_adr
  1412 2E38 28 2B				.word	IS1_adr
  1413 						
  1414 2E3A			C1_handler_table
  1415 2E3A B9 2B				.word	NUL_adr			; this one is unused
  1416 2E3C B9 2B				.word	NUL_adr			; so is this one
  1417 2E3E B9 2B				.word	BPH_adr
  1418 2E40 B9 2B				.word	NBH_adr
  1419 2E42 39 2B				.word	IND_adr
  1420 2E44 BA 2B				.word	NEL_adr
  1421 2E46 B9 2B				.word	SSA_adr
  1422 2E48 B9 2B				.word	ESA_adr
  1423 2E4A B9 2B				.word	HTS_adr
  1424 2E4C B9 2B				.word	HTJ_adr
  1425 2E4E B9 2B				.word	VTS_adr
  1426 2E50 B9 2B				.word	PLD_adr
  1427 2E52 B9 2B				.word	PLU_adr
  1428 2E54 B9 2B				.word	RI_adr
  1429 2E56 B9 2B				.word	SS2_adr
  1430 2E58 B9 2B				.word	SS3_adr
  1431 2E5A B9 2B				.word	DCS_adr
  1432 2E5C B9 2B				.word	PU1_adr
  1433 2E5E B9 2B				.word	PU2_adr
  1434 2E60 B9 2B				.word	STS_adr
  1435 2E62 B9 2B				.word	CCH_adr
  1436 2E64 B9 2B				.word	MW_adr
  1437 2E66 B9 2B				.word	SPA_adr
  1438 2E68 B9 2B				.word	EPA_adr
  1439 2E6A B9 2B				.word	SOS_adr
  1440 2E6C B9 2B				.word	NUL_adr			; unused
  1441 2E6E B9 2B				.word	SCI_adr
  1442 2E70 30 2B				.word	CSI_adr
  1443 2E72 B9 2B				.word	ST_adr
  1444 2E74 B9 2B				.word	OSC_adr
  1445 2E76 B9 2B				.word	PM_adr
  1446 2E78 B9 2B				.word	APC_adr
  1447 						
  1448 				;###################################################################################################################
  1449 				; table of addresses for control sequences
  1450 				; entry format is this: final byte, intermediate byte, low address, high address
  1451 				; last entry has 0 for final byte
  1452 				; if there is no intermediate byte, then it is 0 in the entry.
  1453 				; I can either implement a sorted list here and do a binary search in the future, or I can implement a list sorted so that more common
  1454 				; control sequences come first. I don't know which I'll choose for the final design yet, but I'll choose at some point.
  1455
  1456 2E7A			ctrl_seq_table
  1457 2E7A 6D 00				.byte	'm', 0 
  1458 2E7C C0 2B				.word	SGR_adr			; set graphics rendition
  1459 2E7E 00					.byte	0			; this shows the end of the list.
  1460 						
  1461 				;###################################################################################################################
  1462 				; keycode to ASCII table
  1463 				; zero means 'do nothing' for now
  1464 				;		.byte	ascii-val		;key number - ascii mapping - atari key
  1465
  1466 2E7F 6C			keycode_table	.byte	$6C			;0 - l - l
  1467 2E80 6A					.byte	$6A			;1 - j - j
  1468 2E81 3B					.byte	$3B			;2 - ; - ;
  1469 2E82 00					.byte	0			;3 - no key
  1470 2E83 00					.byte	0			;4 - no key
  1471 2E84 6B					.byte	$6B			;5 - k - k
  1472 2E85 2B					.byte	$2B			;6 - + - +
  1473 2E86 2A					.byte	$2A			;7 - * - *
  1474 2E87 6F					.byte	$6F			;8 - o - o
  1475 2E88 00					.byte	0			;9 - no key
  1476 2E89 70					.byte	$70			;10 - p - p
  1477 2E8A 75					.byte	$75			;11 - u - u
  1478 2E8B 0D					.byte	$0D			;12 - CR - return
  1479 2E8C 69					.byte	$69			;13 - i - i
  1480 2E8D 2D					.byte	$2D			;14 - minus sign - minus sign
  1481 2E8E 3D					.byte	$3D			;15 - = - =
  1482 2E8F 76					.byte	$76			;16 - v - v
  1483 2E90 00					.byte	0			;17 - n/a - help
  1484 2E91 63					.byte	$63			;18 - c - c
  1485 2E92 00					.byte	0			;19 - no key
  1486 2E93 00					.byte	0			;20 - no key
  1487 2E94 62					.byte	$62			;21 - b - b
  1488 2E95 78					.byte	$78			;22 - x - x
  1489 2E96 7A					.byte	$7A			;23 - z - z
  1490 2E97 34					.byte	$34			;24 - 4 - 4
  1491 2E98 00					.byte	0			;25 - no key
  1492 2E99 33					.byte	$33			;26 - 3 - 3
  1493 2E9A 36					.byte	$36			;27 - 6 - 6
  1494 2E9B 1B					.byte	$1B			;28 - esc - esc
  1495 2E9C 35					.byte	$35			;29 - 5 - 5
  1496 2E9D 32					.byte	$32			;30 - 2 - 2
  1497 2E9E 31					.byte	$31			;31 - 1 - 1
  1498 2E9F 2C					.byte	$2C			;32 - , - ,
  1499 2EA0 20					.byte	$20			;33 - space - space bar
  1500 2EA1 2E					.byte	$2E			;34 - . - .
  1501 2EA2 6E					.byte	$6E			;35 - n - n
  1502 2EA3 00					.byte	0			;36 - no key
  1503 2EA4 6D					.byte	$6D			;37 - m - m
  1504 2EA5 2F					.byte	$2F			;38 - / - /
  1505 2EA6 00					.byte	0			;39 - n/a - inverse/atari
  1506 2EA7 72					.byte	$72			;40 - r - r
  1507 2EA8 00					.byte	0			;41 - no key
  1508 2EA9 65					.byte	$65			;42 - e - e
  1509 2EAA 79					.byte	$79			;43 - y - y
  1510 2EAB 09					.byte	$9			;44 - HT - tab
  1511 2EAC 74					.byte	$74			;45 - t - t
  1512 2EAD 77					.byte	$77			;46 - w - w
  1513 2EAE 71					.byte	$71			;47 - q - q
  1514 2EAF 39					.byte	$39			;48 - 9 - 9
  1515 2EB0 00					.byte	0			;49 - no key
  1516 2EB1 30					.byte	$30			;50 - 0 - 0
  1517 2EB2 37					.byte	$37			;51 - 7 - 7
  1518 2EB3 08					.byte	$8			;52 - BS - bk sp
  1519 2EB4 38					.byte	$38			;53 - 8 - 8
  1520 2EB5 3C					.byte	$3C			;54 - < - <
  1521 2EB6 3E					.byte	$3E			;55 - > - >
  1522 2EB7 66					.byte	$66			;56 - f - f
  1523 2EB8 68					.byte	$68			;57 - h - h
  1524 2EB9 64					.byte	$64			;58 - d - d
  1525 2EBA 00					.byte	0			;59 - no key
  1526 2EBB 00					.byte	0			;60 - n/a - caps
  1527 2EBC 67					.byte	$67			;61 - g - g
  1528 2EBD 73					.byte	$73			;62 - s - s
  1529 2EBE 61					.byte	$61			;63 - a - a
  1530
  1531 				; from here down, everything is a repeat of the above 63 keys, but plus shift
  1532
  1533 2EBF 4C					.byte	$4C			;64 - L - L
  1534 2EC0 4A					.byte	$4A			;65 - J - J
  1535 2EC1 3A					.byte	$3A			;66 - : - :
  1536 2EC2 00					.byte	0			;67 - no key
  1537 2EC3 00					.byte	0			;68 - no key
  1538 2EC4 4B					.byte	$4B			;69 - K - K
  1539 2EC5 5C					.byte	$5C			;70 - \ - \
  1540 2EC6 5E					.byte	$5E			;71 - ^ - ^
  1541 2EC7 4F					.byte	$4F			;72 - O - O
  1542 2EC8 00					.byte	0			;73 - no key
  1543 2EC9 50					.byte	$50			;74 - P - P
  1544 2ECA 55					.byte	$55			;75 - U - U
  1545 2ECB 0D					.byte	$0D			;76 - CR - shift+return
  1546 2ECC 49					.byte	$49			;77 - I - I
  1547 2ECD 5F					.byte	$5F			;78 - _ - _
  1548 2ECE 7C					.byte	$7C			;79 - | - |
  1549 2ECF 56					.byte	$56			;80 - V - V
  1550 2ED0 00					.byte	0			;81 - n/a - shift+help
  1551 2ED1 43					.byte	$43			;82 - C - C
  1552 2ED2 00					.byte	0			;83 - no key
  1553 2ED3 00					.byte	0			;84 - no key
  1554 2ED4 42					.byte	$42			;85 - B - B
  1555 2ED5 58					.byte	$58			;86 - X - X
  1556 2ED6 5A					.byte	$5A			;87 - Z - Z
  1557 2ED7 24					.byte	$24			;88 - $ - $
  1558 2ED8 00					.byte	0			;89 - no key
  1559 2ED9 23					.byte	$23			;90 - # - #
  1560 2EDA 26					.byte	$26			;91 - & - &
  1561 2EDB 1B					.byte	$1B			;92 - esc - shift+esc
  1562 2EDC 25					.byte	$25			;93 - % - %
  1563 2EDD 22					.byte	$22			;94 - " - "
  1564 2EDE 21					.byte	$21			;95 - ! - !
  1565 2EDF 5B					.byte	$5B			;96 - [ - [
  1566 2EE0 20					.byte	$20			;97 - space - shift+space
  1567 2EE1 5D					.byte	$5D			;98 - ] - ]
  1568 2EE2 4E					.byte	$4E			;99 - N - N
  1569 2EE3 00					.byte	0			;100 - no key
  1570 2EE4 4D					.byte	$4D			;101 - M - M
  1571 2EE5 3F					.byte	$3F			;102 - ? - ?
  1572 2EE6 00					.byte	0			;103 - n/a - inverse
  1573 2EE7 52					.byte	$52			;104 - R - R
  1574 2EE8 00					.byte	0			;105 - no key
  1575 2EE9 45					.byte	$45			;106 - E - E
  1576 2EEA 59					.byte	$59			;107 - Y - Y
  1577 2EEB 09					.byte	$9			;108 - HT - shift+tab
  1578 2EEC 54					.byte	$54			;109 - T - T
  1579 2EED 57					.byte	$57			;110 - W - W
  1580 2EEE 51					.byte	$51			;111 - Q - Q
  1581 2EEF 28					.byte	$28			;112 - ( - (
  1582 2EF0 00					.byte	0			;113 - no key
  1583 2EF1 29					.byte	$29			;114 - ) - )
  1584 2EF2 27					.byte	$27			;115 - ' - '
  1585 2EF3 7F					.byte	$7F			;116 - DEL - shift+BS
  1586 2EF4 40					.byte	$40			;117 - @ - @
  1587 2EF5 0C					.byte	$0C			;118 - FF - clear
  1588 2EF6 00					.byte	0			;119 - n/a - insert
  1589 2EF7 46					.byte	$46			;120 - F - F
  1590 2EF8 48					.byte	$48			;121 - H - H
  1591 2EF9 44					.byte	$44			;122 - D - D
  1592 2EFA 00					.byte	0			;123 - no key
  1593 2EFB 00					.byte	0			;124 - n/a - caps
  1594 2EFC 47					.byte	$47			;125 - G - G
  1595 2EFD 53					.byte	$53			;126 - S - S
  1596 2EFE 41					.byte	$41			;127 - A - A
  1597
  1598 				; from here down, everything is a repeat of the first 63 keys, but plus control
  1599
  1600 2EFF 0C					.byte	$C			;128 - FF - ctrl+l
  1601 2F00 0A					.byte	$A			;129 - LF - ctrl+j
  1602 2F01 00					.byte	0			;130 - n/a - ctrl+;
  1603 2F02 00					.byte	0			;131 - no key
  1604 2F03 00					.byte	0			;132 - no key
  1605 2F04 0B					.byte	$B			;133 - VT - ctrl+k
  1606 2F05 1C					.byte	$1C			;134 - FS - ctrl++ (ctrl+\)
  1607 2F06 1E					.byte	$1E			;135 - RS - ctrl+* (ctrl+^)
  1608 2F07 0F					.byte	$F			;136 - SI - ctrl+o
  1609 2F08 00					.byte	0			;137 - no key
  1610 2F09 10					.byte	$10			;138 - DLE - ctrl+p
  1611 2F0A 15					.byte	$15			;139 - NAK - ctrl+u
  1612 2F0B 00					.byte	0			;140 - n/a - ctrl+return
  1613 2F0C 09					.byte	$9			;141 - HT - ctrl+i
  1614 2F0D 1F					.byte	$1F			;142 - US - ctrl+- (ctrl+_)
  1615 2F0E 00					.byte	0			;143 - n/a - ctrl+=
  1616 2F0F 16					.byte	$16			;144 - SYN - ctrl+v
  1617 2F10 00					.byte	0			;145 - n/a - ctrl+help
  1618 2F11 03					.byte	$3			;146 - ETX - ctrl+c
  1619 2F12 00					.byte	0			;147 - no key
  1620 2F13 00					.byte	0			;148 - no key
  1621 2F14 02					.byte	$2			;149 - STX - ctrl+b
  1622 2F15 18					.byte	$18			;150 - CAN - ctrl+x
  1623 2F16 1A					.byte	$1A			;151 - SUB - ctrl+z
  1624 2F17 00					.byte	0			;152 - n/a - ctrl+4
  1625 2F18 00					.byte	0			;153 - no key
  1626 2F19 00					.byte	0			;154 - n/a - ctrl+3
  1627 2F1A 00					.byte	0			;155 - n/a - ctrl+6
  1628 2F1B 00					.byte	0			;156 - n/a - ctrl+esc
  1629 2F1C 00					.byte	0			;157 - n/a - ctrl+5
  1630 2F1D 00					.byte	0			;158 - n/a - ctrl+2
  1631 2F1E 00					.byte	0			;159 - n/a - ctrl+1
  1632 2F1F 1B					.byte	$1B			;160 - ESC - ctrl+, (ctrl+[)
  1633 2F20 00					.byte	0			;161 - n/a - ctrl+space
  1634 2F21 1D					.byte	$1D			;162 - GS - ctrl+. (ctrl+])
  1635 2F22 0E					.byte	$E			;163 - SO - ctrl+n
  1636 2F23 00					.byte	0			;164 - no key
  1637 2F24 0D					.byte	$D			;165 - CR - ctrl+m
  1638 2F25 0F					.byte	$0F			;166 - SI - ctrl+/ (ctrl+?)
  1639 2F26 00					.byte	0			;167 - n/a - inverse
  1640 2F27 12					.byte	$12			;168 - DC2 - ctrl+r
  1641 2F28 00					.byte	0			;169 - no key
  1642 2F29 05					.byte	$05			;170 - ENQ - ctrl+e
  1643 2F2A 19					.byte	$19			;171 - EM - ctrl+y
  1644 2F2B 00					.byte	0			;172 - n/a - ctrl+tab
  1645 2F2C 14					.byte	$14			;173 - DC4 - ctrl+t
  1646 2F2D 17					.byte	$17			;174 - ETB - ctrl+w
  1647 2F2E 11					.byte	$11			;175 - DC1 - ctrl+q
  1648 2F2F 00					.byte	0			;176 - n/a - ctrl+9
  1649 2F30 00					.byte	0			;177 - no key
  1650 2F31 00					.byte	0			;178 - n/a - ctrl+0
  1651 2F32 00					.byte	0			;179 - n/a - ctrl+7
  1652 2F33 00					.byte	0			;180 - n/a - ctrl+BS
  1653 2F34 00					.byte	0			;181 - n/a - ctrl+8
  1654 2F35 00					.byte	0			;182 - n/a - ctrl+clear
  1655 2F36 00					.byte	0			;183 - n/a - ctrl+insert
  1656 2F37 06					.byte	$6			;184 - ACK - ctrl+f
  1657 2F38 08					.byte	$8			;185 - BS - ctrl+h
  1658 2F39 04					.byte	$4			;186 - EOT - ctrl+d
  1659 2F3A 00					.byte	0			;187 - no key
  1660 2F3B 00					.byte	0			;188 - n/a - caps
  1661 2F3C 07					.byte	$7			;189 - BEL - ctrl+g
  1662 2F3D 13					.byte	$13			;190 - DC3 - ctrl+s
  1663 2F3E 01					.byte	$1			;191 - SOH - ctrl+a
  1664
  1665 				; from here down, everything is a repeat of the first 63 keys, but plus control and shift
  1666 				; some of these key combos do not work due to the matrix design
  1667 				; these are marked with *
  1668
  1669 2F3F 0C					.byte	$C			;*192 - FF - ctrl+L
  1670 2F40 0A					.byte	$A			;*193 - LF - ctrl+J
  1671 2F41 00					.byte	0			;*194 - n/a - ctrl+:
  1672 2F42 00					.byte	0			;*195 - no key
  1673 2F43 00					.byte	0			;*196 - no key
  1674 2F44 0B					.byte	$B			;*197 - VT - ctrl+K
  1675 2F45 1C					.byte	$1C			;*198 - FS - ctrl+\
  1676 2F46 1E					.byte	$1E			;*199 - SO - ctrl+^
  1677 2F47 0F					.byte	$F			;200 - SI - ctrl+O
  1678 2F48 00					.byte	0			;201 - no key
  1679 2F49 10					.byte	$10			;202 - DLE - ctrl+P
  1680 2F4A 15					.byte	$15			;203 - NAK - ctrl+U
  1681 2F4B 00					.byte	0			;204 - n/a - ctrl+shift+return
  1682 2F4C 09					.byte	$9			;205 - HT - ctrl+I
  1683 2F4D 1F					.byte	$1F			;206 - US - ctrl+_
  1684 2F4E 00					.byte	0			;207 - n/a - ctrl+|
  1685 2F4F 16					.byte	$16			;*208 - SYN - ctrl+V
  1686 2F50 00					.byte	0			;*209 - n/a - ctrl+shift+help
  1687 2F51 03					.byte	$3			;*210 - ETX - ctrl+C
  1688 2F52 00					.byte	0			;*211 - no key
  1689 2F53 00					.byte	0			;*212 - no key
  1690 2F54 02					.byte	$2			;*213 - STX - ctrl+B
  1691 2F55 18					.byte	$18			;*214 - CAN - ctrl+X
  1692 2F56 1A					.byte	$1A			;*215 - SUB - ctrl+Z
  1693 2F57 00					.byte	0			;216 - n/a - ctrl+$
  1694 2F58 00					.byte	0			;217 - no key
  1695 2F59 00					.byte	0			;218 - n/a - ctrl+#
  1696 2F5A 00					.byte	0			;219 - n/a - ctrl+&
  1697 2F5B 00					.byte	0			;220 - n/a - ctrl+shift+esc
  1698 2F5C 00					.byte	0			;221 - n/a - ctrl+%
  1699 2F5D 00					.byte	0			;222 - n/a - ctrl+"
  1700 2F5E 00					.byte	0			;223 - n/a - ctrl+!
  1701 2F5F 1B					.byte	$1B			;224 - ESC - ctrl+[
  1702 2F60 00					.byte	0			;225 - n/a - ctrl+shift+space
  1703 2F61 1D					.byte	$1D			;226 - GS - ctrl+]
  1704 2F62 0E					.byte	$E			;227 - SO - ctrl+N
  1705 2F63 00					.byte	0			;228 - no key
  1706 2F64 0D					.byte	$D			;229 - CR - ctrl+M
  1707 2F65 1F					.byte	$1F			;230 - US - ctrl+?
  1708 2F66 00					.byte	0			;231 - n/a - ctrl+inverse
  1709 2F67 12					.byte	$12			;232 - DC2 - ctrl+R
  1710 2F68 00					.byte	0			;233 - no key
  1711 2F69 05					.byte	$05			;234 - ENQ - ctrl+E
  1712 2F6A 19					.byte	$19			;235 - EM - ctrl+Y
  1713 2F6B 00					.byte	0			;236 - n/a - ctrl+shift+tab
  1714 2F6C 14					.byte	$14			;237 - DC4 - ctrl+T
  1715 2F6D 17					.byte	$17			;238 - ETB - ctrl+W
  1716 2F6E 11					.byte	$11			;239 - DC1 - ctrl+Q
  1717 2F6F 00					.byte	0			;240 - n/a - ctrl+(
  1718 2F70 00					.byte	0			;241 - no key
  1719 2F71 00					.byte	0			;242 - n/a - ctrl+)
  1720 2F72 00					.byte	0			;243 - n/a - ctrl+'
  1721 2F73 00					.byte	0			;244 - n/a - ctrl+shift+BS
  1722 2F74 00					.byte	0			;245 - n/a - ctrl+@ (no way to send a null, but this is null)
  1723 2F75 00					.byte	0			;246 - n/a - ctrl+shift+clear
  1724 2F76 00					.byte	0			;247 - n/a - ctrl+shift+insert (no function yet)
  1725 2F77 06					.byte	$6			;248 - ACK - ctrl+F
  1726 2F78 08					.byte	$8			;249 - BS - ctrl+H
  1727 2F79 04					.byte	$4			;250 - EOT - ctrl+D
  1728 2F7A 00					.byte	0			;251 - no key
  1729 2F7B 00					.byte	0			;252 - n/a - caps
  1730 2F7C 07					.byte	$7			;253 - BEL - ctrl+G
  1731 2F7D 13					.byte	$13			;254 - DC3 - ctrl+S
  1732 2F7E 01					.byte	$1			;255 - SOH - ctrl+A
  1733
  1734 				; Version number field
  1735 2F7F 76 30 2E 30 31 2E + version		.byte	'v0.01.2015.04.07'
  1736
  1737 2F8F			end	;should be plenty of space after this that is free (like for MEMAC window)
  1738
  1739 2F8F					org	$02e0			; run address
  1740 02E0-02E1> 00 28				.word	start
